Archive member included because of file (symbol)

c:/program files (x86)/gnu tools arm embedded/q2/bin/../lib/gcc/arm-none-eabi/4.8.4/armv6-m\libgcc.a(_udivsi3.o)
                              ./system/src/stm32f0-stdperiph/stm32f0xx_rcc.o (__aeabi_uidiv)
c:/program files (x86)/gnu tools arm embedded/q2/bin/../lib/gcc/arm-none-eabi/4.8.4/armv6-m\libgcc.a(_dvmd_tls.o)
                              c:/program files (x86)/gnu tools arm embedded/q2/bin/../lib/gcc/arm-none-eabi/4.8.4/armv6-m\libgcc.a(_udivsi3.o) (__aeabi_idiv0)
c:/program files (x86)/gnu tools arm embedded/q2/bin/../lib/gcc/arm-none-eabi/4.8.4/../../../../arm-none-eabi/lib/armv6-m\libg_s.a(lib_a-errno.o)
                              ./system/src/newlib/_sbrk.o (__errno)
c:/program files (x86)/gnu tools arm embedded/q2/bin/../lib/gcc/arm-none-eabi/4.8.4/../../../../arm-none-eabi/lib/armv6-m\libg_s.a(lib_a-impure.o)
                              c:/program files (x86)/gnu tools arm embedded/q2/bin/../lib/gcc/arm-none-eabi/4.8.4/../../../../arm-none-eabi/lib/armv6-m\libg_s.a(lib_a-errno.o) (_impure_ptr)

Allocating common symbols
Common symbol       size              file

errno               0x4               ./system/src/newlib/_syscalls.o
ADC1_init_structure
                    0x18              ./src/main.o
ADC_val             0x1               ./src/main.o
GPIOB_init_struct   0x8               ./src/main.o
GPIOA_init_struct   0x8               ./src/main.o
disp                0x10              ./src/main.o

Discarded input sections

 .group         0x00000000        0x8 ./system/src/stm32f0-stdperiph/stm32f0xx_adc.o
 .group         0x00000000        0x8 ./system/src/stm32f0-stdperiph/stm32f0xx_adc.o
 .group         0x00000000        0x8 ./system/src/stm32f0-stdperiph/stm32f0xx_adc.o
 .group         0x00000000        0x8 ./system/src/stm32f0-stdperiph/stm32f0xx_adc.o
 .group         0x00000000        0x8 ./system/src/stm32f0-stdperiph/stm32f0xx_adc.o
 .group         0x00000000        0x8 ./system/src/stm32f0-stdperiph/stm32f0xx_adc.o
 .group         0x00000000        0x8 ./system/src/stm32f0-stdperiph/stm32f0xx_adc.o
 .group         0x00000000        0x8 ./system/src/stm32f0-stdperiph/stm32f0xx_adc.o
 .group         0x00000000        0x8 ./system/src/stm32f0-stdperiph/stm32f0xx_adc.o
 .group         0x00000000        0x8 ./system/src/stm32f0-stdperiph/stm32f0xx_adc.o
 .group         0x00000000        0x8 ./system/src/stm32f0-stdperiph/stm32f0xx_adc.o
 .group         0x00000000        0x8 ./system/src/stm32f0-stdperiph/stm32f0xx_adc.o
 .group         0x00000000        0x8 ./system/src/stm32f0-stdperiph/stm32f0xx_adc.o
 .group         0x00000000        0x8 ./system/src/stm32f0-stdperiph/stm32f0xx_adc.o
 .group         0x00000000        0x8 ./system/src/stm32f0-stdperiph/stm32f0xx_adc.o
 .group         0x00000000        0x8 ./system/src/stm32f0-stdperiph/stm32f0xx_adc.o
 .group         0x00000000        0x8 ./system/src/stm32f0-stdperiph/stm32f0xx_adc.o
 .group         0x00000000        0x8 ./system/src/stm32f0-stdperiph/stm32f0xx_adc.o
 .group         0x00000000        0x8 ./system/src/stm32f0-stdperiph/stm32f0xx_adc.o
 .group         0x00000000        0x8 ./system/src/stm32f0-stdperiph/stm32f0xx_adc.o
 .group         0x00000000        0x8 ./system/src/stm32f0-stdperiph/stm32f0xx_adc.o
 .group         0x00000000        0x8 ./system/src/stm32f0-stdperiph/stm32f0xx_adc.o
 .group         0x00000000        0x8 ./system/src/stm32f0-stdperiph/stm32f0xx_adc.o
 .group         0x00000000        0x8 ./system/src/stm32f0-stdperiph/stm32f0xx_adc.o
 .group         0x00000000        0x8 ./system/src/stm32f0-stdperiph/stm32f0xx_adc.o
 .group         0x00000000        0x8 ./system/src/stm32f0-stdperiph/stm32f0xx_adc.o
 .group         0x00000000        0x8 ./system/src/stm32f0-stdperiph/stm32f0xx_adc.o
 .group         0x00000000        0x8 ./system/src/stm32f0-stdperiph/stm32f0xx_adc.o
 .group         0x00000000        0x8 ./system/src/stm32f0-stdperiph/stm32f0xx_adc.o
 .group         0x00000000        0x8 ./system/src/stm32f0-stdperiph/stm32f0xx_adc.o
 .text          0x00000000        0x0 ./system/src/stm32f0-stdperiph/stm32f0xx_adc.o
 .data          0x00000000        0x0 ./system/src/stm32f0-stdperiph/stm32f0xx_adc.o
 .bss           0x00000000        0x0 ./system/src/stm32f0-stdperiph/stm32f0xx_adc.o
 .text.ADC_DeInit
                0x00000000       0x38 ./system/src/stm32f0-stdperiph/stm32f0xx_adc.o
 .text.ADC_StructInit
                0x00000000       0x10 ./system/src/stm32f0-stdperiph/stm32f0xx_adc.o
 .text.ADC_ClockModeConfig
                0x00000000       0x40 ./system/src/stm32f0-stdperiph/stm32f0xx_adc.o
 .text.ADC_JitterCmd
                0x00000000       0x50 ./system/src/stm32f0-stdperiph/stm32f0xx_adc.o
 .text.ADC_AutoPowerOffCmd
                0x00000000       0x4c ./system/src/stm32f0-stdperiph/stm32f0xx_adc.o
 .text.ADC_WaitModeCmd
                0x00000000       0x4c ./system/src/stm32f0-stdperiph/stm32f0xx_adc.o
[...]
Memory Configuration

Name             Origin             Length             Attributes
RAM              0x20000000         0x00002000         xrw
CCMRAM           0x00000000         0x00000000         xrw
FLASH            0x08000000         0x00010000         xr
FLASHB1          0x00000000         0x00000000         xr
EXTMEMB0         0x00000000         0x00000000         xr
EXTMEMB1         0x00000000         0x00000000         xr
EXTMEMB2         0x00000000         0x00000000         xr
EXTMEMB3         0x00000000         0x00000000         xr
MEMORY_ARRAY     0x00000000         0x00000000         xrw
*default*        0x00000000         0xffffffff

Linker script and memory map

LOAD ./system/src/stm32f0-stdperiph/stm32f0xx_adc.o
LOAD ./system/src/stm32f0-stdperiph/stm32f0xx_can.o
LOAD ./system/src/stm32f0-stdperiph/stm32f0xx_cec.o
LOAD ./system/src/stm32f0-stdperiph/stm32f0xx_comp.o
LOAD ./system/src/stm32f0-stdperiph/stm32f0xx_crc.o
LOAD ./system/src/stm32f0-stdperiph/stm32f0xx_crs.o
LOAD ./system/src/stm32f0-stdperiph/stm32f0xx_dac.o
LOAD ./system/src/stm32f0-stdperiph/stm32f0xx_dbgmcu.o
LOAD ./system/src/stm32f0-stdperiph/stm32f0xx_dma.o
LOAD ./system/src/stm32f0-stdperiph/stm32f0xx_exti.o
LOAD ./system/src/stm32f0-stdperiph/stm32f0xx_flash.o
LOAD ./system/src/stm32f0-stdperiph/stm32f0xx_gpio.o
LOAD ./system/src/stm32f0-stdperiph/stm32f0xx_i2c.o
LOAD ./system/src/stm32f0-stdperiph/stm32f0xx_iwdg.o
LOAD ./system/src/stm32f0-stdperiph/stm32f0xx_misc.o
LOAD ./system/src/stm32f0-stdperiph/stm32f0xx_pwr.o
LOAD ./system/src/stm32f0-stdperiph/stm32f0xx_rcc.o
LOAD ./system/src/stm32f0-stdperiph/stm32f0xx_rtc.o
LOAD ./system/src/stm32f0-stdperiph/stm32f0xx_spi.o
LOAD ./system/src/stm32f0-stdperiph/stm32f0xx_syscfg.o
LOAD ./system/src/stm32f0-stdperiph/stm32f0xx_tim.o
LOAD ./system/src/stm32f0-stdperiph/stm32f0xx_usart.o
LOAD ./system/src/stm32f0-stdperiph/stm32f0xx_wwdg.o
LOAD ./system/src/newlib/_cxx.o
LOAD ./system/src/newlib/_exit.o
LOAD ./system/src/newlib/_sbrk.o
LOAD ./system/src/newlib/_startup.o
LOAD ./system/src/newlib/_syscalls.o
LOAD ./system/src/newlib/assert.o
LOAD ./system/src/diag/Trace.o
LOAD ./system/src/diag/trace_impl.o
LOAD ./system/src/cortexm/_initialize_hardware.o
LOAD ./system/src/cortexm/_reset_hardware.o
LOAD ./system/src/cortexm/exception_handlers.o
LOAD ./system/src/cmsis/system_stm32f0xx.o
LOAD ./system/src/cmsis/vectors_stm32f0xx.o
LOAD ./src/_write.o
LOAD ./src/lcd_stm32f0.o
LOAD ./src/main.o
LOAD c:/program files (x86)/gnu tools arm embedded/q2/bin/../lib/gcc/arm-none-eabi/4.8.4/../../../../arm-none-eabi/lib/armv6-m\libstdc++_s.a
LOAD c:/program files (x86)/gnu tools arm embedded/q2/bin/../lib/gcc/arm-none-eabi/4.8.4/../../../../arm-none-eabi/lib/armv6-m\libm.a
START GROUP
LOAD c:/program files (x86)/gnu tools arm embedded/q2/bin/../lib/gcc/arm-none-eabi/4.8.4/armv6-m\libgcc.a
LOAD c:/program files (x86)/gnu tools arm embedded/q2/bin/../lib/gcc/arm-none-eabi/4.8.4/../../../../arm-none-eabi/lib/armv6-m\libg_s.a
LOAD c:/program files (x86)/gnu tools arm embedded/q2/bin/../lib/gcc/arm-none-eabi/4.8.4/../../../../arm-none-eabi/lib/armv6-m\libc_s.a
END GROUP
START GROUP
LOAD c:/program files (x86)/gnu tools arm embedded/q2/bin/../lib/gcc/arm-none-eabi/4.8.4/armv6-m\libgcc.a
LOAD c:/program files (x86)/gnu tools arm embedded/q2/bin/../lib/gcc/arm-none-eabi/4.8.4/../../../../arm-none-eabi/lib/armv6-m\libc_s.a
END GROUP
                0x20002000                __stack = (ORIGIN (RAM) + 0x2000)
                0x20002000                _estack = __stack
                0x00000400                __Main_Stack_Size = 0x400
                0x00000400                PROVIDE (_Main_Stack_Size, __Main_Stack_Size)
                0x20001c00                __Main_Stack_Limit = (__stack - __Main_Stack_Size)
                0x20001c00                PROVIDE (_Main_Stack_Limit, __Main_Stack_Limit)
                0x00000100                _Minimum_Stack_Size = 0x100
                0x2000006c                PROVIDE (_Heap_Begin, _end_noinit)
                0x20001c00                PROVIDE (_Heap_Limit, (__stack - __Main_Stack_Size))

.isr_vector     0x08000000      0x218
                0x08000000                . = ALIGN (0x4)
 *(.isr_vector)
 .isr_vector    0x08000000       0xc4 ./system/src/cmsis/vectors_stm32f0xx.o
                0x08000000                g_pfnVectors
 *(.cfmconfig)
 *(.after_vectors .after_vectors.*)
 .after_vectors
                0x080000c4      0x118 ./system/src/newlib/_startup.o
                0x080000c4                _start
 .after_vectors
                0x080001dc       0x38 ./system/src/cortexm/exception_handlers.o
                0x080001dc                Reset_Handler
                0x080001e4                NMI_Handler
                0x080001e8                HardFault_Handler
                0x08000200                HardFault_Handler_C
                0x08000204                SVC_Handler
                0x08000208                PendSV_Handler
                0x0800020c                SysTick_Handler
 .after_vectors
                0x08000214        0x4 ./system/src/cmsis/vectors_stm32f0xx.o
                0x08000214                TIM1_CC_IRQHandler
                0x08000214                TSC_IRQHandler
                0x08000214                ADC1_COMP_IRQHandler
                0x08000214                PVD_IRQHandler
                0x08000214                I2C1_IRQHandler
                0x08000214                RCC_CRS_IRQHandler
                0x08000214                SPI1_IRQHandler
                0x08000214                TIM6_DAC_IRQHandler
                0x08000214                USART3_4_IRQHandler
                0x08000214                EXTI2_3_IRQHandler
                0x08000214                ADC1_IRQHandler
                0x08000214                I2C2_IRQHandler
                0x08000214                TIM17_IRQHandler
                0x08000214                CEC_CAN_IRQHandler
                0x08000214                RTC_IRQHandler
                0x08000214                PVD_VDDIO2_IRQHandler
                0x08000214                DMA1_Channel4_5_6_7_IRQHandler
                0x08000214                TIM16_IRQHandler
                0x08000214                TIM3_IRQHandler
                0x08000214                EXTI4_15_IRQHandler
                0x08000214                RCC_IRQHandler
                0x08000214                DMA1_Channel1_IRQHandler
                0x08000214                Default_Handler
                0x08000214                CEC_IRQHandler
                0x08000214                TIM14_IRQHandler
                0x08000214                DMA1_Channel4_5_IRQHandler
                0x08000214                TIM7_IRQHandler
                0x08000214                TIM15_IRQHandler
                0x08000214                EXTI0_1_IRQHandler
                0x08000214                USB_IRQHandler
                0x08000214                SPI2_IRQHandler
                0x08000214                TS_IRQHandler
                0x08000214                WWDG_IRQHandler
                0x08000214                TIM2_IRQHandler
                0x08000214                DMA1_Channel2_3_IRQHandler
                0x08000214                USART2_IRQHandler
                0x08000214                FLASH_IRQHandler
                0x08000214                USART1_IRQHandler
                0x08000214                TIM1_BRK_UP_TRG_COM_IRQHandler
                0x08000218                . = ALIGN (0x4)

.inits          0x08000218        0x0
                0x08000218                . = ALIGN (0x4)
 *(.init)
 *(.fini)
                0x08000218                . = ALIGN (0x4)
                0x08000218                PROVIDE (__preinit_array_start, .)
 *(.preinit_array_sysinit .preinit_array_sysinit.*)
 *(.preinit_array_platform .preinit_array_platform.*)
 *(.preinit_array .preinit_array.*)
                0x08000218                PROVIDE (__preinit_array_end, .)
                0x08000218                . = ALIGN (0x4)
                0x08000218                PROVIDE (__init_array_start, .)
 *(SORT(.init_array.*))
 *(.init_array)
                0x08000218                PROVIDE (__init_array_end, .)
                0x08000218                . = ALIGN (0x4)
                0x08000218                PROVIDE (__fini_array_start, .)
 *(SORT(.fini_array.*))
 *(.fini_array)
                0x08000218                PROVIDE (__fini_array_end, .)
                0x08000218                . = ALIGN (0x4)

.flashtext      0x08000218        0x0
                0x08000218                . = ALIGN (0x4)
 *(.flashtext .flashtext.*)
                0x08000218                . = ALIGN (0x4)

.text           0x08000218      0xb40
                0x08000218                . = ALIGN (0x4)
 *(.text .text.*)
 .text.ADC_Init
                0x08000218       0xd8 ./system/src/stm32f0-stdperiph/stm32f0xx_adc.o
                0x08000218                ADC_Init
 .text.ADC_Cmd  0x080002f0       0x40 ./system/src/stm32f0-stdperiph/stm32f0xx_adc.o
                0x080002f0                ADC_Cmd
 .text.ADC_ChannelConfig
                0x08000330       0x50 ./system/src/stm32f0-stdperiph/stm32f0xx_adc.o
                0x08000330                ADC_ChannelConfig
 .text.ADC_StartOfConversion
                0x08000380       0x28 ./system/src/stm32f0-stdperiph/stm32f0xx_adc.o
                0x08000380                ADC_StartOfConversion
 .text.ADC_GetFlagStatus
                0x080003a8       0x90 ./system/src/stm32f0-stdperiph/stm32f0xx_adc.o
                0x080003a8                ADC_GetFlagStatus
 .text.GPIO_Init
                0x08000438      0x118 ./system/src/stm32f0-stdperiph/stm32f0xx_gpio.o
                0x08000438                GPIO_Init
 .text.GPIO_SetBits
                0x08000550       0x60 ./system/src/stm32f0-stdperiph/stm32f0xx_gpio.o
                0x08000550                GPIO_SetBits
 .text.RCC_AHBPeriphClockCmd
                0x080005b0       0x50 ./system/src/stm32f0-stdperiph/stm32f0xx_rcc.o
                0x080005b0                RCC_AHBPeriphClockCmd
 .text.RCC_APB2PeriphClockCmd
                0x08000600       0x50 ./system/src/stm32f0-stdperiph/stm32f0xx_rcc.o
                0x08000600                RCC_APB2PeriphClockCmd
 .text._exit    0x08000650        0x4 ./system/src/newlib/_exit.o
                0x08000650                _exit
 .text.abort    0x08000654        0x8 ./system/src/newlib/_exit.o
                0x08000654                abort
 .text.__initialize_args
                0x0800065c       0x10 ./system/src/newlib/_syscalls.o
                0x0800065c                __initialize_args
 .text.assert_failed
                0x0800066c        0x8 ./system/src/newlib/assert.o
                0x0800066c                assert_failed
 .text.__initialize_hardware_early
                0x08000674        0x8 ./system/src/cortexm/_initialize_hardware.o
                0x08000674                __initialize_hardware_early
 .text.__initialize_hardware
                0x0800067c        0x8 ./system/src/cortexm/_initialize_hardware.o
                0x0800067c                __initialize_hardware
 .text.SetSysClock
                0x08000684       0xb0 ./system/src/cmsis/system_stm32f0xx.o
 .text.SystemInit
                0x08000734       0x64 ./system/src/cmsis/system_stm32f0xx.o
                0x08000734                SystemInit
 .text.SystemCoreClockUpdate
                0x08000798       0x90 ./system/src/cmsis/system_stm32f0xx.o
                0x08000798                SystemCoreClockUpdate
 .text.delay    0x08000828       0x20 ./src/lcd_stm32f0.o
                0x08000828                delay
 .text.pulse_strobe
                0x08000848       0x38 ./src/lcd_stm32f0.o
                0x08000848                pulse_strobe
 .text.lcd_putchar
                0x08000880      0x124 ./src/lcd_stm32f0.o
                0x08000880                lcd_putchar
 .text.lcd_putstring
                0x080009a4       0x1c ./src/lcd_stm32f0.o
                0x080009a4                lcd_putstring
 .text.lcd_command
                0x080009c0      0x130 ./src/lcd_stm32f0.o
                0x080009c0                lcd_command
 .text.init_LCD
                0x08000af0       0x80 ./src/lcd_stm32f0.o
                0x08000af0                init_LCD
 .text.main     0x08000b70       0xa8 ./src/main.o
                0x08000b70                main
 .text          0x08000c18       0x9c c:/program files (x86)/gnu tools arm embedded/q2/bin/../lib/gcc/arm-none-eabi/4.8.4/armv6-m\libgcc.a(_udivsi3.o)
                0x08000c18                __aeabi_uidiv
                0x08000c18                __udivsi3
                0x08000ca0                __aeabi_uidivmod
 .text          0x08000cb4        0x4 c:/program files (x86)/gnu tools arm embedded/q2/bin/../lib/gcc/arm-none-eabi/4.8.4/armv6-m\libgcc.a(_dvmd_tls.o)
                0x08000cb4                __aeabi_idiv0
                0x08000cb4                __aeabi_ldiv0
 *(.rodata .rodata.*)
 .rodata.str1.4
                0x08000cb8       0x30 ./system/src/stm32f0-stdperiph/stm32f0xx_adc.o
 .rodata.str1.4
                0x08000ce8       0x31 ./system/src/stm32f0-stdperiph/stm32f0xx_gpio.o
                                 0x34 (size before relaxing)
 *fill*         0x08000d19        0x3 
 .rodata.str1.4
                0x08000d1c       0x30 ./system/src/stm32f0-stdperiph/stm32f0xx_rcc.o
 .rodata.str1.4
                0x08000d4c        0xc ./src/main.o
 *(vtable)
 *(.eh_frame*)
 *(.glue_7)
 .glue_7        0x00000000        0x0 linker stubs
 *(.glue_7t)
 .glue_7t       0x00000000        0x0 linker stubs

.vfp11_veneer   0x08000d58        0x0
 .vfp11_veneer  0x00000000        0x0 linker stubs

.v4_bx          0x08000d58        0x0
 .v4_bx         0x00000000        0x0 linker stubs

.iplt           0x08000d58        0x0
 .iplt          0x00000000        0x0 ./system/src/stm32f0-stdperiph/stm32f0xx_adc.o

.rel.dyn        0x08000d58        0x0
 .rel.iplt      0x00000000        0x0 ./system/src/stm32f0-stdperiph/stm32f0xx_adc.o

.ARM.extab
 *(.ARM.extab* .gnu.linkonce.armextab.*)
                0x08000d58                __exidx_start = .

.ARM.exidx
 *(.ARM.exidx* .gnu.linkonce.armexidx.*)
                0x08000d58                __exidx_end = .
                0x08000d58                . = ALIGN (0x4)
                0x08000d58                _etext = .
                0x08000d58                __etext = .
                0x08000d58                _sidata = _etext

.data           0x20000000       0x24 load address 0x08000d58
                0x20000000                . = ALIGN (0x4)
                0x20000000                _sdata = .
                0x20000000                __data_start__ = .
 *(.data_begin .data_begin.*)
 .data_begin    0x20000000        0x4 ./system/src/newlib/_startup.o
 *(.data .data.*)
 .data.argv.4014
                0x20000004        0x8 ./system/src/newlib/_syscalls.o
 .data.AHBPrescTable
                0x2000000c       0x10 ./system/src/cmsis/system_stm32f0xx.o
                0x2000000c                AHBPrescTable
 .data.SystemCoreClock
                0x2000001c        0x4 ./system/src/cmsis/system_stm32f0xx.o
                0x2000001c                SystemCoreClock
 *(.data_end .data_end.*)
 .data_end      0x20000020        0x4 ./system/src/newlib/_startup.o
                0x20000024                . = ALIGN (0x4)
                0x20000024                _edata = .
                0x20000024                __data_end__ = .

.igot.plt       0x20000024        0x0 load address 0x08000d7c
 .igot.plt      0x00000000        0x0 ./system/src/stm32f0-stdperiph/stm32f0xx_adc.o

.bss            0x20000024       0x48 load address 0x08000d7c
                0x20000024                . = ALIGN (0x4)
                0x20000024                __bss_start__ = .
                0x20000024                _sbss = .
 *(.bss_begin .bss_begin.*)
 .bss_begin     0x20000024        0x4 ./system/src/newlib/_startup.o
 *(.bss .bss.*)
 .bss.name.4013
                0x20000028        0x4 ./system/src/newlib/_syscalls.o
 *(COMMON)
 COMMON         0x2000002c       0x3c ./src/main.o
                0x2000002c                ADC1_init_structure
                0x20000044                ADC_val
                0x20000048                GPIOB_init_struct
                0x20000050                GPIOA_init_struct
                0x20000058                disp
 *(.bss_end .bss_end.*)
 .bss_end       0x20000068        0x4 ./system/src/newlib/_startup.o
                0x2000006c                . = ALIGN (0x4)
                0x2000006c                __bss_end__ = .
                0x2000006c                _ebss = .

.noinit         0x2000006c        0x0
                0x2000006c                . = ALIGN (0x4)
                0x2000006c                _noinit = .
 *(.noinit .noinit.*)
                0x2000006c                . = ALIGN (0x4)
                0x2000006c                _end_noinit = .
                0x2000006c                PROVIDE (end, _end_noinit)
                0x2000006c                PROVIDE (_end, _end_noinit)
                0x2000006c                PROVIDE (__end, _end_noinit)
                0x2000006c                PROVIDE (__end__, _end_noinit)

._check_stack   0x2000006c      0x100 load address 0x08000dc4
                0x2000006c                . = ALIGN (0x4)
                0x2000016c                . = (. + _Minimum_Stack_Size)
 *fill*         0x2000006c      0x100 
                0x2000016c                . = ALIGN (0x4)

.bss_CCMRAM
 *(.bss.CCMRAM .bss.CCMRAM.*)

.b1text
 *(.b1text)
 *(.b1rodata)
 *(.b1rodata.*)

.eb0text
 *(.eb0text)
 *(.eb0rodata)
 *(.eb0rodata.*)

.eb1text
 *(.eb1text)
 *(.eb1rodata)
 *(.eb1rodata.*)

.eb2text
 *(.eb2text)
 *(.eb2rodata)
 *(.eb2rodata.*)

.eb3text
 *(.eb3text)
 *(.eb3rodata)
 *(.eb3rodata.*)

.stab
 *(.stab)

.stabstr
 *(.stabstr)

.stab.excl
 *(.stab.excl)

.stab.exclstr
 *(.stab.exclstr)

.stab.index
 *(.stab.index)

.stab.indexstr
 *(.stab.indexstr)

.comment        0x00000000       0x70
 *(.comment)
 .comment       0x00000000       0x70 ./system/src/stm32f0-stdperiph/stm32f0xx_adc.o
                                 0x71 (size before relaxing)
 .comment       0x00000000       0x71 ./system/src/stm32f0-stdperiph/stm32f0xx_gpio.o
 .comment       0x00000000       0x71 ./system/src/stm32f0-stdperiph/stm32f0xx_rcc.o
 .comment       0x00000000       0x71 ./system/src/newlib/_exit.o
 .comment       0x00000000       0x71 ./system/src/newlib/_startup.o
 .comment       0x00000000       0x71 ./system/src/newlib/_syscalls.o
 .comment       0x00000000       0x71 ./system/src/newlib/assert.o
 .comment       0x00000000       0x71 ./system/src/cortexm/_initialize_hardware.o
 .comment       0x00000000       0x71 ./system/src/cortexm/exception_handlers.o
 .comment       0x00000000       0x71 ./system/src/cmsis/system_stm32f0xx.o
 .comment       0x00000000       0x71 ./system/src/cmsis/vectors_stm32f0xx.o
 .comment       0x00000000       0x71 ./src/lcd_stm32f0.o
 .comment       0x00000000       0x71 ./src/main.o

.ARM.attributes
                0x00000000       0x31
 .ARM.attributes
                0x00000000       0x31 ./system/src/stm32f0-stdperiph/stm32f0xx_adc.o
 .ARM.attributes
                0x00000031       0x31 ./system/src/stm32f0-stdperiph/stm32f0xx_gpio.o
 .ARM.attributes
                0x00000062       0x31 ./system/src/stm32f0-stdperiph/stm32f0xx_rcc.o
 .ARM.attributes
                0x00000093       0x31 ./system/src/newlib/_exit.o
 .ARM.attributes
                0x000000c4       0x31 ./system/src/newlib/_startup.o
 .ARM.attributes
                0x000000f5       0x31 ./system/src/newlib/_syscalls.o
 .ARM.attributes
                0x00000126       0x31 ./system/src/newlib/assert.o
 .ARM.attributes
                0x00000157       0x31 ./system/src/cortexm/_initialize_hardware.o
 .ARM.attributes
                0x00000188       0x31 ./system/src/cortexm/exception_handlers.o
 .ARM.attributes
                0x000001b9       0x31 ./system/src/cmsis/system_stm32f0xx.o
 .ARM.attributes
                0x000001ea       0x31 ./system/src/cmsis/vectors_stm32f0xx.o
 .ARM.attributes
                0x0000021b       0x31 ./src/lcd_stm32f0.o
 .ARM.attributes
                0x0000024c       0x31 ./src/main.o
 .ARM.attributes
                0x0000027d       0x1e c:/program files (x86)/gnu tools arm embedded/q2/bin/../lib/gcc/arm-none-eabi/4.8.4/armv6-m\libgcc.a(_udivsi3.o)
 .ARM.attributes
                0x0000029b       0x1e c:/program files (x86)/gnu tools arm embedded/q2/bin/../lib/gcc/arm-none-eabi/4.8.4/armv6-m\libgcc.a(_dvmd_tls.o)

.debug
 *(.debug)

.line
 *(.line)

.debug_srcinfo
 *(.debug_srcinfo)

.debug_sfnames
 *(.debug_sfnames)

.debug_aranges  0x00000000      0x4d8
 *(.debug_aranges)
 .debug_aranges
                0x00000000      0x108 ./system/src/stm32f0-stdperiph/stm32f0xx_adc.o
 .debug_aranges
                0x00000108       0x80 ./system/src/stm32f0-stdperiph/stm32f0xx_gpio.o
 .debug_aranges
                0x00000188      0x160 ./system/src/stm32f0-stdperiph/stm32f0xx_rcc.o
 .debug_aranges
                0x000002e8       0x28 ./system/src/newlib/_exit.o
 .debug_aranges
                0x00000310       0x40 ./system/src/newlib/_startup.o
 .debug_aranges
                0x00000350       0x30 ./system/src/newlib/_syscalls.o
 .debug_aranges
                0x00000380       0x28 ./system/src/newlib/assert.o
 .debug_aranges
                0x000003a8       0x28 ./system/src/cortexm/_initialize_hardware.o
 .debug_aranges
                0x000003d0       0x50 ./system/src/cortexm/exception_handlers.o
 .debug_aranges
                0x00000420       0x30 ./system/src/cmsis/system_stm32f0xx.o
 .debug_aranges
                0x00000450       0x20 ./system/src/cmsis/vectors_stm32f0xx.o
 .debug_aranges
                0x00000470       0x48 ./src/lcd_stm32f0.o
 .debug_aranges
                0x000004b8       0x20 ./src/main.o

.debug_pubnames
 *(.debug_pubnames)

.debug_info     0x00000000     0x426b
 *(.debug_info .gnu.linkonce.wi.*)
 .debug_info    0x00000000      0xfb8 ./system/src/stm32f0-stdperiph/stm32f0xx_adc.o
 .debug_info    0x00000fb8      0xa17 ./system/src/stm32f0-stdperiph/stm32f0xx_gpio.o
 .debug_info    0x000019cf      0xf18 ./system/src/stm32f0-stdperiph/stm32f0xx_rcc.o
 .debug_info    0x000028e7       0xee ./system/src/newlib/_exit.o
 .debug_info    0x000029d5      0x474 ./system/src/newlib/_startup.o
 .debug_info    0x00002e49      0x1a9 ./system/src/newlib/_syscalls.o
 .debug_info    0x00002ff2      0x168 ./system/src/newlib/assert.o
 .debug_info    0x0000315a       0xc3 ./system/src/cortexm/_initialize_hardware.o
 .debug_info    0x0000321d      0x1b5 ./system/src/cortexm/exception_handlers.o
 .debug_info    0x000033d2      0x2e8 ./system/src/cmsis/system_stm32f0xx.o
 .debug_info    0x000036ba       0xd1 ./system/src/cmsis/vectors_stm32f0xx.o
 .debug_info    0x0000378b      0x41b ./src/lcd_stm32f0.o
 .debug_info    0x00003ba6      0x6c5 ./src/main.o

.debug_abbrev   0x00000000     0x103e
 *(.debug_abbrev)
 .debug_abbrev  0x00000000      0x1b9 ./system/src/stm32f0-stdperiph/stm32f0xx_adc.o
 .debug_abbrev  0x000001b9      0x1db ./system/src/stm32f0-stdperiph/stm32f0xx_gpio.o
 .debug_abbrev  0x00000394      0x23e ./system/src/stm32f0-stdperiph/stm32f0xx_rcc.o
 .debug_abbrev  0x000005d2       0xb7 ./system/src/newlib/_exit.o
 .debug_abbrev  0x00000689      0x1e9 ./system/src/newlib/_startup.o
 .debug_abbrev  0x00000872       0xe7 ./system/src/newlib/_syscalls.o
 .debug_abbrev  0x00000959       0xb6 ./system/src/newlib/assert.o
 .debug_abbrev  0x00000a0f       0x63 ./system/src/cortexm/_initialize_hardware.o
 .debug_abbrev  0x00000a72       0xfd ./system/src/cortexm/exception_handlers.o
 .debug_abbrev  0x00000b6f      0x146 ./system/src/cmsis/system_stm32f0xx.o
 .debug_abbrev  0x00000cb5       0x9d ./system/src/cmsis/vectors_stm32f0xx.o
 .debug_abbrev  0x00000d52      0x14b ./src/lcd_stm32f0.o
 .debug_abbrev  0x00000e9d      0x1a1 ./src/main.o

.debug_line     0x00000000     0x37fa
 *(.debug_line)
 .debug_line    0x00000000      0x794 ./system/src/stm32f0-stdperiph/stm32f0xx_adc.o
 .debug_line    0x00000794      0x547 ./system/src/stm32f0-stdperiph/stm32f0xx_gpio.o
 .debug_line    0x00000cdb      0x852 ./system/src/stm32f0-stdperiph/stm32f0xx_rcc.o
 .debug_line    0x0000152d      0x291 ./system/src/newlib/_exit.o
 .debug_line    0x000017be      0x302 ./system/src/newlib/_startup.o
 .debug_line    0x00001ac0      0x342 ./system/src/newlib/_syscalls.o
 .debug_line    0x00001e02      0x2ba ./system/src/newlib/assert.o
 .debug_line    0x000020bc      0x36b ./system/src/cortexm/_initialize_hardware.o
 .debug_line    0x00002427      0x606 ./system/src/cortexm/exception_handlers.o
 .debug_line    0x00002a2d      0x3a2 ./system/src/cmsis/system_stm32f0xx.o
 .debug_line    0x00002dcf       0xfb ./system/src/cmsis/vectors_stm32f0xx.o
 .debug_line    0x00002eca      0x40c ./src/lcd_stm32f0.o
 .debug_line    0x000032d6      0x524 ./src/main.o

.debug_frame    0x00000000      0xbfc
 *(.debug_frame)
 .debug_frame   0x00000000      0x32c ./system/src/stm32f0-stdperiph/stm32f0xx_adc.o
 .debug_frame   0x0000032c      0x164 ./system/src/stm32f0-stdperiph/stm32f0xx_gpio.o
 .debug_frame   0x00000490      0x3f4 ./system/src/stm32f0-stdperiph/stm32f0xx_rcc.o
 .debug_frame   0x00000884       0x38 ./system/src/newlib/_exit.o
 .debug_frame   0x000008bc       0x80 ./system/src/newlib/_startup.o
 .debug_frame   0x0000093c       0x50 ./system/src/newlib/_syscalls.o
 .debug_frame   0x0000098c       0x40 ./system/src/newlib/assert.o
 .debug_frame   0x000009cc       0x40 ./system/src/cortexm/_initialize_hardware.o
 .debug_frame   0x00000a0c       0x88 ./system/src/cortexm/exception_handlers.o
 .debug_frame   0x00000a94       0x54 ./system/src/cmsis/system_stm32f0xx.o
 .debug_frame   0x00000ae8       0x20 ./system/src/cmsis/vectors_stm32f0xx.o
 .debug_frame   0x00000b08       0xa4 ./src/lcd_stm32f0.o
 .debug_frame   0x00000bac       0x30 ./src/main.o
 .debug_frame   0x00000bdc       0x20 c:/program files (x86)/gnu tools arm embedded/q2/bin/../lib/gcc/arm-none-eabi/4.8.4/armv6-m\libgcc.a(_udivsi3.o)

.debug_str      0x00000000    0x452bc
 *(.debug_str)
 .debug_str     0x00000000    0x3f036 ./system/src/stm32f0-stdperiph/stm32f0xx_adc.o
                              0x3f1b3 (size before relaxing)
 .debug_str     0x0003f036      0x2d4 ./system/src/stm32f0-stdperiph/stm32f0xx_gpio.o
                              0x3f024 (size before relaxing)
 .debug_str     0x0003f30a      0x623 ./system/src/stm32f0-stdperiph/stm32f0xx_rcc.o
                              0x3f3aa (size before relaxing)
 .debug_str     0x0003f92d     0x2989 ./system/src/newlib/_exit.o
                               0x4dc6 (size before relaxing)
 .debug_str     0x000422b6      0x266 ./system/src/newlib/_startup.o
                               0x3f52 (size before relaxing)
 .debug_str     0x0004251c     0x109c ./system/src/newlib/_syscalls.o
                               0x4feb (size before relaxing)
 .debug_str     0x000435b8       0xdc ./system/src/newlib/assert.o
                               0x58d2 (size before relaxing)
 .debug_str     0x00043694       0x67 ./system/src/cortexm/_initialize_hardware.o
                              0x3ed41 (size before relaxing)
 .debug_str     0x000436fb     0x1006 ./system/src/cortexm/exception_handlers.o
                              0x425dc (size before relaxing)
 .debug_str     0x00044701       0x67 ./system/src/cmsis/system_stm32f0xx.o
                              0x3edef (size before relaxing)
 .debug_str     0x00044768       0x56 ./system/src/cmsis/vectors_stm32f0xx.o
                               0x2e75 (size before relaxing)
 .debug_str     0x000447be      0x349 ./src/lcd_stm32f0.o
                              0x3f0cb (size before relaxing)
 .debug_str     0x00044b07      0x7b5 ./src/main.o
                              0x41688 (size before relaxing)

.debug_loc      0x00000000     0x211d
 *(.debug_loc)
 .debug_loc     0x00000000      0xa9d ./system/src/stm32f0-stdperiph/stm32f0xx_adc.o
 .debug_loc     0x00000a9d      0x51a ./system/src/stm32f0-stdperiph/stm32f0xx_gpio.o
 .debug_loc     0x00000fb7      0xc33 ./system/src/stm32f0-stdperiph/stm32f0xx_rcc.o
 .debug_loc     0x00001bea      0x265 ./system/src/newlib/_startup.o
 .debug_loc     0x00001e4f       0x63 ./system/src/newlib/_syscalls.o
 .debug_loc     0x00001eb2       0xc6 ./system/src/newlib/assert.o
 .debug_loc     0x00001f78       0xe2 ./system/src/cmsis/system_stm32f0xx.o
 .debug_loc     0x0000205a       0xc3 ./src/lcd_stm32f0.o

.debug_macinfo
 *(.debug_macinfo)

.debug_weaknames
 *(.debug_weaknames)

.debug_funcnames
 *(.debug_funcnames)

.debug_typenames
 *(.debug_typenames)

.debug_varnames
 *(.debug_varnames)
OUTPUT(Test 2.elf elf32-littlearm)

.debug_ranges   0x00000000      0x420
 .debug_ranges  0x00000000       0xf8 ./system/src/stm32f0-stdperiph/stm32f0xx_adc.o
 .debug_ranges  0x000000f8       0x70 ./system/src/stm32f0-stdperiph/stm32f0xx_gpio.o
 .debug_ranges  0x00000168      0x150 ./system/src/stm32f0-stdperiph/stm32f0xx_rcc.o
 .debug_ranges  0x000002b8       0x18 ./system/src/newlib/_exit.o
 .debug_ranges  0x000002d0       0x48 ./system/src/newlib/_startup.o
 .debug_ranges  0x00000318       0x20 ./system/src/newlib/_syscalls.o
 .debug_ranges  0x00000338       0x18 ./system/src/newlib/assert.o
 .debug_ranges  0x00000350       0x18 ./system/src/cortexm/_initialize_hardware.o
 .debug_ranges  0x00000368       0x40 ./system/src/cortexm/exception_handlers.o
 .debug_ranges  0x000003a8       0x20 ./system/src/cmsis/system_stm32f0xx.o
 .debug_ranges  0x000003c8       0x10 ./system/src/cmsis/vectors_stm32f0xx.o
 .debug_ranges  0x000003d8       0x38 ./src/lcd_stm32f0.o
 .debug_ranges  0x00000410       0x10 ./src/main.o

.debug_macro    0x00000000     0xc16e
 .debug_macro   0x00000000      0x162 ./system/src/stm32f0-stdperiph/stm32f0xx_adc.o
 .debug_macro   0x00000162      0x826 ./system/src/stm32f0-stdperiph/stm32f0xx_adc.o
 .debug_macro   0x00000988       0x7a ./system/src/stm32f0-stdperiph/stm32f0xx_adc.o
 .debug_macro   0x00000a02       0x3a ./system/src/stm32f0-stdperiph/stm32f0xx_adc.o
 .debug_macro   0x00000a3c      0x34e ./system/src/stm32f0-stdperiph/stm32f0xx_adc.o
 .debug_macro   0x00000d8a       0x1f ./system/src/stm32f0-stdperiph/stm32f0xx_adc.o
 .debug_macro   0x00000da9      0x242 ./system/src/stm32f0-stdperiph/stm32f0xx_adc.o
 .debug_macro   0x00000feb     0x5b9e ./system/src/stm32f0-stdperiph/stm32f0xx_adc.o
 .debug_macro   0x00006b89      0x3c9 ./system/src/stm32f0-stdperiph/stm32f0xx_adc.o
 .debug_macro   0x00006f52      0x191 ./system/src/stm32f0-stdperiph/stm32f0xx_adc.o
 .debug_macro   0x000070e3       0x46 ./system/src/stm32f0-stdperiph/stm32f0xx_adc.o
 .debug_macro   0x00007129       0xd9 ./system/src/stm32f0-stdperiph/stm32f0xx_adc.o
 .debug_macro   0x00007202       0xef ./system/src/stm32f0-stdperiph/stm32f0xx_adc.o
 .debug_macro   0x000072f1      0x184 ./system/src/stm32f0-stdperiph/stm32f0xx_adc.o
 .debug_macro   0x00007475       0x7c ./system/src/stm32f0-stdperiph/stm32f0xx_adc.o
 .debug_macro   0x000074f1      0x295 ./system/src/stm32f0-stdperiph/stm32f0xx_adc.o
 .debug_macro   0x00007786       0xd7 ./system/src/stm32f0-stdperiph/stm32f0xx_adc.o
 .debug_macro   0x0000785d      0x23d ./system/src/stm32f0-stdperiph/stm32f0xx_adc.o
 .debug_macro   0x00007a9a      0x185 ./system/src/stm32f0-stdperiph/stm32f0xx_adc.o
 .debug_macro   0x00007c1f      0x184 ./system/src/stm32f0-stdperiph/stm32f0xx_adc.o
 .debug_macro   0x00007da3      0x2a0 ./system/src/stm32f0-stdperiph/stm32f0xx_adc.o
 .debug_macro   0x00008043       0x70 ./system/src/stm32f0-stdperiph/stm32f0xx_adc.o
 .debug_macro   0x000080b3       0xdf ./system/src/stm32f0-stdperiph/stm32f0xx_adc.o
 .debug_macro   0x00008192      0x4e3 ./system/src/stm32f0-stdperiph/stm32f0xx_adc.o
 .debug_macro   0x00008675      0x4c5 ./system/src/stm32f0-stdperiph/stm32f0xx_adc.o
 .debug_macro   0x00008b3a      0x397 ./system/src/stm32f0-stdperiph/stm32f0xx_adc.o
 .debug_macro   0x00008ed1      0x750 ./system/src/stm32f0-stdperiph/stm32f0xx_adc.o
 .debug_macro   0x00009621      0x353 ./system/src/stm32f0-stdperiph/stm32f0xx_adc.o
 .debug_macro   0x00009974       0x34 ./system/src/stm32f0-stdperiph/stm32f0xx_adc.o
 .debug_macro   0x000099a8       0x3a ./system/src/stm32f0-stdperiph/stm32f0xx_adc.o
 .debug_macro   0x000099e2      0x2ec ./system/src/stm32f0-stdperiph/stm32f0xx_adc.o
 .debug_macro   0x00009cce      0x156 ./system/src/stm32f0-stdperiph/stm32f0xx_gpio.o
 .debug_macro   0x00009e24      0x17f ./system/src/stm32f0-stdperiph/stm32f0xx_gpio.o
 .debug_macro   0x00009fa3      0x174 ./system/src/stm32f0-stdperiph/stm32f0xx_rcc.o
 .debug_macro   0x0000a117      0x4dd ./system/src/stm32f0-stdperiph/stm32f0xx_rcc.o
 .debug_macro   0x0000a5f4      0x11b ./system/src/newlib/_exit.o
 .debug_macro   0x0000a70f       0xa3 ./system/src/newlib/_exit.o
 .debug_macro   0x0000a7b2      0x10e ./system/src/newlib/_exit.o
 .debug_macro   0x0000a8c0       0x86 ./system/src/newlib/_exit.o
 .debug_macro   0x0000a946       0x43 ./system/src/newlib/_exit.o
 .debug_macro   0x0000a989       0x10 ./system/src/newlib/_exit.o
 .debug_macro   0x0000a999       0x35 ./system/src/newlib/_exit.o
 .debug_macro   0x0000a9ce       0xdb ./system/src/newlib/_startup.o
 .debug_macro   0x0000aaa9      0x169 ./system/src/newlib/_syscalls.o
 .debug_macro   0x0000ac12       0x1c ./system/src/newlib/_syscalls.o
 .debug_macro   0x0000ac2e       0x10 ./system/src/newlib/_syscalls.o
 .debug_macro   0x0000ac3e       0x10 ./system/src/newlib/_syscalls.o
 .debug_macro   0x0000ac4e       0x10 ./system/src/newlib/_syscalls.o
 .debug_macro   0x0000ac5e       0x35 ./system/src/newlib/_syscalls.o
 .debug_macro   0x0000ac93      0x120 ./system/src/newlib/_syscalls.o
 .debug_macro   0x0000adb3       0x22 ./system/src/newlib/_syscalls.o
 .debug_macro   0x0000add5       0x2b ./system/src/newlib/_syscalls.o
 .debug_macro   0x0000ae00      0x118 ./system/src/newlib/_syscalls.o
 .debug_macro   0x0000af18      0x13a ./system/src/newlib/_syscalls.o
 .debug_macro   0x0000b052       0x16 ./system/src/newlib/_syscalls.o
 .debug_macro   0x0000b068      0x137 ./system/src/newlib/assert.o
 .debug_macro   0x0000b19f       0x1c ./system/src/newlib/assert.o
 .debug_macro   0x0000b1bb      0x156 ./system/src/cortexm/_initialize_hardware.o
 .debug_macro   0x0000b311      0x280 ./system/src/cortexm/exception_handlers.o
 .debug_macro   0x0000b591       0x22 ./system/src/cortexm/exception_handlers.o
 .debug_macro   0x0000b5b3      0x283 ./system/src/cortexm/exception_handlers.o
 .debug_macro   0x0000b836       0x10 ./system/src/cortexm/exception_handlers.o
 .debug_macro   0x0000b846       0x1f ./system/src/cortexm/exception_handlers.o
 .debug_macro   0x0000b865      0x14c ./system/src/cmsis/system_stm32f0xx.o
 .debug_macro   0x0000b9b1       0x34 ./system/src/cmsis/vectors_stm32f0xx.o
 .debug_macro   0x0000b9e5      0x15b ./src/lcd_stm32f0.o
 .debug_macro   0x0000bb40       0x82 ./src/lcd_stm32f0.o
 .debug_macro   0x0000bbc2      0x277 ./src/main.o
 .debug_macro   0x0000be39       0x16 ./src/main.o
 .debug_macro   0x0000be4f       0x97 ./src/main.o
 .debug_macro   0x0000bee6       0x10 ./src/main.o
 .debug_macro   0x0000bef6       0xf6 ./src/main.o
 .debug_macro   0x0000bfec       0x16 ./src/main.o
 .debug_macro   0x0000c002      0x16c ./src/main.o
