Archive member included because of file (symbol)

c:/program files (x86)/gnu tools arm embedded/q2/bin/../lib/gcc/arm-none-eabi/4.8.4/../../../../arm-none-eabi/lib/armv6-m\libm.a(lib_a-w_pow.o)
                              src\main.o (pow)
c:/program files (x86)/gnu tools arm embedded/q2/bin/../lib/gcc/arm-none-eabi/4.8.4/../../../../arm-none-eabi/lib/armv6-m\libm.a(lib_a-e_pow.o)
                              c:/program files (x86)/gnu tools arm embedded/q2/bin/../lib/gcc/arm-none-eabi/4.8.4/../../../../arm-none-eabi/lib/armv6-m\libm.a(lib_a-w_pow.o) (__ieee754_pow)
c:/program files (x86)/gnu tools arm embedded/q2/bin/../lib/gcc/arm-none-eabi/4.8.4/../../../../arm-none-eabi/lib/armv6-m\libm.a(lib_a-e_sqrt.o)
                              c:/program files (x86)/gnu tools arm embedded/q2/bin/../lib/gcc/arm-none-eabi/4.8.4/../../../../arm-none-eabi/lib/armv6-m\libm.a(lib_a-e_pow.o) (__ieee754_sqrt)
c:/program files (x86)/gnu tools arm embedded/q2/bin/../lib/gcc/arm-none-eabi/4.8.4/../../../../arm-none-eabi/lib/armv6-m\libm.a(lib_a-s_fabs.o)
                              c:/program files (x86)/gnu tools arm embedded/q2/bin/../lib/gcc/arm-none-eabi/4.8.4/../../../../arm-none-eabi/lib/armv6-m\libm.a(lib_a-e_pow.o) (fabs)
c:/program files (x86)/gnu tools arm embedded/q2/bin/../lib/gcc/arm-none-eabi/4.8.4/../../../../arm-none-eabi/lib/armv6-m\libm.a(lib_a-s_finite.o)
                              c:/program files (x86)/gnu tools arm embedded/q2/bin/../lib/gcc/arm-none-eabi/4.8.4/../../../../arm-none-eabi/lib/armv6-m\libm.a(lib_a-w_pow.o) (finite)
c:/program files (x86)/gnu tools arm embedded/q2/bin/../lib/gcc/arm-none-eabi/4.8.4/../../../../arm-none-eabi/lib/armv6-m\libm.a(lib_a-s_fpclassify.o)
                              c:/program files (x86)/gnu tools arm embedded/q2/bin/../lib/gcc/arm-none-eabi/4.8.4/../../../../arm-none-eabi/lib/armv6-m\libm.a(lib_a-w_pow.o) (__fpclassifyd)
c:/program files (x86)/gnu tools arm embedded/q2/bin/../lib/gcc/arm-none-eabi/4.8.4/../../../../arm-none-eabi/lib/armv6-m\libm.a(lib_a-s_lib_ver.o)
                              c:/program files (x86)/gnu tools arm embedded/q2/bin/../lib/gcc/arm-none-eabi/4.8.4/../../../../arm-none-eabi/lib/armv6-m\libm.a(lib_a-w_pow.o) (__fdlib_version)
c:/program files (x86)/gnu tools arm embedded/q2/bin/../lib/gcc/arm-none-eabi/4.8.4/../../../../arm-none-eabi/lib/armv6-m\libm.a(lib_a-s_matherr.o)
                              c:/program files (x86)/gnu tools arm embedded/q2/bin/../lib/gcc/arm-none-eabi/4.8.4/../../../../arm-none-eabi/lib/armv6-m\libm.a(lib_a-w_pow.o) (matherr)
c:/program files (x86)/gnu tools arm embedded/q2/bin/../lib/gcc/arm-none-eabi/4.8.4/../../../../arm-none-eabi/lib/armv6-m\libm.a(lib_a-s_nan.o)
                              c:/program files (x86)/gnu tools arm embedded/q2/bin/../lib/gcc/arm-none-eabi/4.8.4/../../../../arm-none-eabi/lib/armv6-m\libm.a(lib_a-e_pow.o) (nan)
c:/program files (x86)/gnu tools arm embedded/q2/bin/../lib/gcc/arm-none-eabi/4.8.4/../../../../arm-none-eabi/lib/armv6-m\libm.a(lib_a-s_rint.o)
                              c:/program files (x86)/gnu tools arm embedded/q2/bin/../lib/gcc/arm-none-eabi/4.8.4/../../../../arm-none-eabi/lib/armv6-m\libm.a(lib_a-w_pow.o) (rint)
c:/program files (x86)/gnu tools arm embedded/q2/bin/../lib/gcc/arm-none-eabi/4.8.4/../../../../arm-none-eabi/lib/armv6-m\libm.a(lib_a-s_scalbn.o)
                              c:/program files (x86)/gnu tools arm embedded/q2/bin/../lib/gcc/arm-none-eabi/4.8.4/../../../../arm-none-eabi/lib/armv6-m\libm.a(lib_a-e_pow.o) (scalbn)
c:/program files (x86)/gnu tools arm embedded/q2/bin/../lib/gcc/arm-none-eabi/4.8.4/../../../../arm-none-eabi/lib/armv6-m\libm.a(lib_a-s_copysign.o)
                              c:/program files (x86)/gnu tools arm embedded/q2/bin/../lib/gcc/arm-none-eabi/4.8.4/../../../../arm-none-eabi/lib/armv6-m\libm.a(lib_a-s_scalbn.o) (copysign)
c:/program files (x86)/gnu tools arm embedded/q2/bin/../lib/gcc/arm-none-eabi/4.8.4/armv6-m\libgcc.a(_udivsi3.o)
                              system\src\cmsis\system_stm32f0xx.o (__aeabi_uidiv)
c:/program files (x86)/gnu tools arm embedded/q2/bin/../lib/gcc/arm-none-eabi/4.8.4/armv6-m\libgcc.a(_dvmd_tls.o)
                              c:/program files (x86)/gnu tools arm embedded/q2/bin/../lib/gcc/arm-none-eabi/4.8.4/armv6-m\libgcc.a(_udivsi3.o) (__aeabi_idiv0)
c:/program files (x86)/gnu tools arm embedded/q2/bin/../lib/gcc/arm-none-eabi/4.8.4/armv6-m\libgcc.a(_arm_cmpdf2.o)
                              c:/program files (x86)/gnu tools arm embedded/q2/bin/../lib/gcc/arm-none-eabi/4.8.4/../../../../arm-none-eabi/lib/armv6-m\libm.a(lib_a-w_pow.o) (__aeabi_dcmpeq)
c:/program files (x86)/gnu tools arm embedded/q2/bin/../lib/gcc/arm-none-eabi/4.8.4/armv6-m\libgcc.a(_fixunsdfsi.o)
                              src\main.o (__aeabi_d2uiz)
c:/program files (x86)/gnu tools arm embedded/q2/bin/../lib/gcc/arm-none-eabi/4.8.4/armv6-m\libgcc.a(adddf3.o)
[...]
Memory Configuration

Name             Origin             Length             Attributes
RAM              0x20000000         0x00002000         xrw
CCMRAM           0x00000000         0x00000000         xrw
FLASH            0x08000000         0x00010000         xr
FLASHB1          0x00000000         0x00000000         xr
EXTMEMB0         0x00000000         0x00000000         xr
EXTMEMB1         0x00000000         0x00000000         xr
EXTMEMB2         0x00000000         0x00000000         xr
EXTMEMB3         0x00000000         0x00000000         xr
MEMORY_ARRAY     0x00000000         0x00000000         xrw
*default*        0x00000000         0xffffffff

Linker script and memory map

LOAD src\_write.o
LOAD src\lcd_stm32f0.o
LOAD src\main.o
LOAD system\src\cmsis\system_stm32f0xx.o
LOAD system\src\cmsis\vectors_stm32f0xx.o
LOAD system\src\cortexm\_initialize_hardware.o
LOAD system\src\cortexm\_reset_hardware.o
LOAD system\src\cortexm\exception_handlers.o
LOAD system\src\diag\Trace.o
LOAD system\src\diag\trace_impl.o
LOAD system\src\newlib\_cxx.o
LOAD system\src\newlib\_exit.o
LOAD system\src\newlib\_sbrk.o
LOAD system\src\newlib\_startup.o
LOAD system\src\newlib\_syscalls.o
LOAD system\src\newlib\assert.o
LOAD system\src\stm32f0-stdperiph\stm32f0xx_adc.o
LOAD system\src\stm32f0-stdperiph\stm32f0xx_can.o
LOAD system\src\stm32f0-stdperiph\stm32f0xx_cec.o
LOAD system\src\stm32f0-stdperiph\stm32f0xx_comp.o
LOAD system\src\stm32f0-stdperiph\stm32f0xx_crc.o
LOAD system\src\stm32f0-stdperiph\stm32f0xx_crs.o
LOAD system\src\stm32f0-stdperiph\stm32f0xx_dac.o
LOAD system\src\stm32f0-stdperiph\stm32f0xx_dbgmcu.o
LOAD system\src\stm32f0-stdperiph\stm32f0xx_dma.o
LOAD system\src\stm32f0-stdperiph\stm32f0xx_exti.o
LOAD system\src\stm32f0-stdperiph\stm32f0xx_flash.o
LOAD system\src\stm32f0-stdperiph\stm32f0xx_gpio.o
LOAD system\src\stm32f0-stdperiph\stm32f0xx_i2c.o
LOAD system\src\stm32f0-stdperiph\stm32f0xx_iwdg.o
LOAD system\src\stm32f0-stdperiph\stm32f0xx_misc.o
LOAD system\src\stm32f0-stdperiph\stm32f0xx_pwr.o
LOAD system\src\stm32f0-stdperiph\stm32f0xx_rcc.o
LOAD system\src\stm32f0-stdperiph\stm32f0xx_rtc.o
LOAD system\src\stm32f0-stdperiph\stm32f0xx_spi.o
LOAD system\src\stm32f0-stdperiph\stm32f0xx_syscfg.o
LOAD system\src\stm32f0-stdperiph\stm32f0xx_tim.o
LOAD system\src\stm32f0-stdperiph\stm32f0xx_usart.o
LOAD system\src\stm32f0-stdperiph\stm32f0xx_wwdg.o
LOAD c:/program files (x86)/gnu tools arm embedded/q2/bin/../lib/gcc/arm-none-eabi/4.8.4/../../../../arm-none-eabi/lib/armv6-m\libstdc++_s.a
LOAD c:/program files (x86)/gnu tools arm embedded/q2/bin/../lib/gcc/arm-none-eabi/4.8.4/../../../../arm-none-eabi/lib/armv6-m\libm.a
START GROUP
LOAD c:/program files (x86)/gnu tools arm embedded/q2/bin/../lib/gcc/arm-none-eabi/4.8.4/armv6-m\libgcc.a
LOAD c:/program files (x86)/gnu tools arm embedded/q2/bin/../lib/gcc/arm-none-eabi/4.8.4/../../../../arm-none-eabi/lib/armv6-m\libg_s.a
LOAD c:/program files (x86)/gnu tools arm embedded/q2/bin/../lib/gcc/arm-none-eabi/4.8.4/../../../../arm-none-eabi/lib/armv6-m\libc_s.a
END GROUP
START GROUP
LOAD c:/program files (x86)/gnu tools arm embedded/q2/bin/../lib/gcc/arm-none-eabi/4.8.4/armv6-m\libgcc.a
LOAD c:/program files (x86)/gnu tools arm embedded/q2/bin/../lib/gcc/arm-none-eabi/4.8.4/../../../../arm-none-eabi/lib/armv6-m\libc_s.a
END GROUP
                0x20002000                __stack = (ORIGIN (RAM) + 0x2000)
                0x20002000                _estack = __stack
                0x00000400                __Main_Stack_Size = 0x400
                0x00000400                PROVIDE (_Main_Stack_Size, __Main_Stack_Size)
                0x20001c00                __Main_Stack_Limit = (__stack - __Main_Stack_Size)
                0x20001c00                PROVIDE (_Main_Stack_Limit, __Main_Stack_Limit)
                0x00000100                _Minimum_Stack_Size = 0x100
                0x200000f0                PROVIDE (_Heap_Begin, _end_noinit)
                0x20001c00                PROVIDE (_Heap_Limit, (__stack - __Main_Stack_Size))

.isr_vector     0x08000000      0x218
 FILL mask 0xff
                0x08000000                __vectors_start = ABSOLUTE (.)
                0x08000000                __vectors_start__ = ABSOLUTE (.)
 *(.isr_vector)
 .isr_vector    0x08000000       0xc4 system\src\cmsis\vectors_stm32f0xx.o
                0x08000000                g_pfnVectors
 *(.cfmconfig)
 *(.after_vectors .after_vectors.*)
 .after_vectors
                0x080000c4        0x4 system\src\cmsis\vectors_stm32f0xx.o
                0x080000c4                TIM1_CC_IRQHandler
                0x080000c4                TSC_IRQHandler
                0x080000c4                ADC1_COMP_IRQHandler
                0x080000c4                PVD_IRQHandler
                0x080000c4                I2C1_IRQHandler
                0x080000c4                RCC_CRS_IRQHandler
                0x080000c4                SPI1_IRQHandler
                0x080000c4                TIM6_DAC_IRQHandler
                0x080000c4                USART3_4_IRQHandler
                0x080000c4                EXTI2_3_IRQHandler
                0x080000c4                ADC1_IRQHandler
                0x080000c4                I2C2_IRQHandler
                0x080000c4                TIM17_IRQHandler
                0x080000c4                CEC_CAN_IRQHandler
                0x080000c4                RTC_IRQHandler
                0x080000c4                PVD_VDDIO2_IRQHandler
                0x080000c4                DMA1_Channel4_5_6_7_IRQHandler
                0x080000c4                TIM16_IRQHandler
                0x080000c4                TIM3_IRQHandler
                0x080000c4                EXTI4_15_IRQHandler
                0x080000c4                RCC_IRQHandler
                0x080000c4                DMA1_Channel1_IRQHandler
                0x080000c4                Default_Handler
                0x080000c4                CEC_IRQHandler
                0x080000c4                TIM14_IRQHandler
                0x080000c4                DMA1_Channel4_5_IRQHandler
                0x080000c4                TIM7_IRQHandler
                0x080000c4                TIM15_IRQHandler
                0x080000c4                EXTI0_1_IRQHandler
                0x080000c4                USB_IRQHandler
                0x080000c4                SPI2_IRQHandler
                0x080000c4                TS_IRQHandler
                0x080000c4                WWDG_IRQHandler
                0x080000c4                TIM2_IRQHandler
                0x080000c4                DMA1_Channel2_3_IRQHandler
                0x080000c4                USART2_IRQHandler
                0x080000c4                FLASH_IRQHandler
                0x080000c4                USART1_IRQHandler
                0x080000c4                TIM1_BRK_UP_TRG_COM_IRQHandler
 .after_vectors
                0x080000c8       0x38 system\src\cortexm\exception_handlers.o
                0x080000c8                Reset_Handler
                0x080000d0                NMI_Handler
                0x080000d4                HardFault_Handler
                0x080000ec                HardFault_Handler_C
                0x080000f0                SVC_Handler
                0x080000f4                PendSV_Handler
                0x080000f8                SysTick_Handler
 .after_vectors
                0x08000100      0x118 system\src\newlib\_startup.o
                0x08000100                _start

.inits          0x08000218       0x28
                0x08000218                __data_regions_array_start = .
                0x08000218        0x4 LONG 0x8004bd0 LOADADDR (.data)
                0x0800021c        0x4 LONG 0x20000000 ADDR (.data)
                0x08000220        0x4 LONG 0x2000009c (ADDR (.data) + SIZEOF (.data))
                0x08000224        0x4 LONG 0x8004bd0 LOADADDR (.data_CCMRAM)
                0x08000228        0x4 LONG 0x0 ADDR (.data_CCMRAM)
                0x0800022c        0x4 LONG 0x0 (ADDR (.data_CCMRAM) + SIZEOF (.data_CCMRAM))
                0x08000230                __data_regions_array_end = .
                0x08000230                __bss_regions_array_start = .
                0x08000230        0x4 LONG 0x2000009c ADDR (.bss)
                0x08000234        0x4 LONG 0x200000f0 (ADDR (.bss) + SIZEOF (.bss))
                0x08000238        0x4 LONG 0x0 ADDR (.bss_CCMRAM)
                0x0800023c        0x4 LONG 0x0 (ADDR (.bss_CCMRAM) + SIZEOF (.bss_CCMRAM))
                0x08000240                __bss_regions_array_end = .
 *(.init)
 *(.fini)
                0x08000240                . = ALIGN (0x4)
                0x08000240                PROVIDE (__preinit_array_start, .)
 *(.preinit_array_sysinit .preinit_array_sysinit.*)
 *(.preinit_array_platform .preinit_array_platform.*)
 *(.preinit_array .preinit_array.*)
                0x08000240                PROVIDE (__preinit_array_end, .)
                0x08000240                . = ALIGN (0x4)
                0x08000240                PROVIDE (__init_array_start, .)
 *(SORT(.init_array.*))
 *(.init_array)
                0x08000240                PROVIDE (__init_array_end, .)
                0x08000240                . = ALIGN (0x4)
                0x08000240                PROVIDE (__fini_array_start, .)
 *(SORT(.fini_array.*))
 *(.fini_array)
                0x08000240                PROVIDE (__fini_array_end, .)

.flashtext
 *(.flashtext .flashtext.*)

.text           0x08000240     0x498d
 *(.text .text.*)
 .text.delay    0x08000240       0x20 src\lcd_stm32f0.o
                0x08000240                delay
 .text.pulse_strobe
                0x08000260       0x38 src\lcd_stm32f0.o
                0x08000260                pulse_strobe
 .text.lcd_putchar
                0x08000298      0x124 src\lcd_stm32f0.o
                0x08000298                lcd_putchar
 .text.lcd_putstring
                0x080003bc       0x1c src\lcd_stm32f0.o
                0x080003bc                lcd_putstring
 .text.lcd_command
                0x080003d8      0x130 src\lcd_stm32f0.o
                0x080003d8                lcd_command
 .text.init_LCD
                0x08000508       0x80 src\lcd_stm32f0.o
                0x08000508                init_LCD
 .text.init_GPIO
                0x08000588       0x78 src\main.o
                0x08000588                init_GPIO
 .text.init_USART1
                0x08000600       0x40 src\main.o
                0x08000600                init_USART1
 .text.main     0x08000640       0xd0 src\main.o
                0x08000640                main
 .text.SetSysClock
                0x08000710       0xb0 system\src\cmsis\system_stm32f0xx.o
 .text.SystemInit
                0x080007c0       0x64 system\src\cmsis\system_stm32f0xx.o
                0x080007c0                SystemInit
 .text.SystemCoreClockUpdate
                0x08000824       0x90 system\src\cmsis\system_stm32f0xx.o
                0x08000824                SystemCoreClockUpdate
 .text.__initialize_hardware_early
                0x080008b4        0x8 system\src\cortexm\_initialize_hardware.o
                0x080008b4                __initialize_hardware_early
 .text.__initialize_hardware
                0x080008bc        0x8 system\src\cortexm\_initialize_hardware.o
                0x080008bc                __initialize_hardware
 .text._exit    0x080008c4        0x4 system\src\newlib\_exit.o
                0x080008c4                _exit
 .text.abort    0x080008c8        0x8 system\src\newlib\_exit.o
                0x080008c8                abort
 .text._sbrk    0x080008d0       0x44 system\src\newlib\_sbrk.o
                0x080008d0                _sbrk
 .text.__initialize_args
                0x08000914       0x10 system\src\newlib\_syscalls.o
                0x08000914                __initialize_args
 .text.assert_failed
                0x08000924        0x8 system\src\newlib\assert.o
                0x08000924                assert_failed
 .text.GPIO_Init
                0x0800092c      0x118 system\src\stm32f0-stdperiph\stm32f0xx_gpio.o
                0x0800092c                GPIO_Init
 .text.GPIO_ReadInputData
                0x08000a44       0x54 system\src\stm32f0-stdperiph\stm32f0xx_gpio.o
                0x08000a44                GPIO_ReadInputData
 .text.GPIO_Write
                0x08000a98       0x54 system\src\stm32f0-stdperiph\stm32f0xx_gpio.o
                0x08000a98                GPIO_Write
 .text.GPIO_PinAFConfig
                0x08000aec       0x94 system\src\stm32f0-stdperiph\stm32f0xx_gpio.o
                0x08000aec                GPIO_PinAFConfig
 .text.RCC_GetClocksFreq
                0x08000b80      0x19c system\src\stm32f0-stdperiph\stm32f0xx_rcc.o
                0x08000b80                RCC_GetClocksFreq
 .text.RCC_AHBPeriphClockCmd
                0x08000d1c       0x50 system\src\stm32f0-stdperiph\stm32f0xx_rcc.o
                0x08000d1c                RCC_AHBPeriphClockCmd
 .text.RCC_APB2PeriphClockCmd
                0x08000d6c       0x50 system\src\stm32f0-stdperiph\stm32f0xx_rcc.o
                0x08000d6c                RCC_APB2PeriphClockCmd
 .text.USART_Init
                0x08000dbc      0x1ac system\src\stm32f0-stdperiph\stm32f0xx_usart.o
                0x08000dbc                USART_Init
 .text.USART_Cmd
                0x08000f68       0x64 system\src\stm32f0-stdperiph\stm32f0xx_usart.o
                0x08000f68                USART_Cmd
 .text.USART_SendData
                0x08000fcc       0x5c system\src\stm32f0-stdperiph\stm32f0xx_usart.o
                0x08000fcc                USART_SendData
 .text.USART_GetFlagStatus
                0x08001028       0xe8 system\src\stm32f0-stdperiph\stm32f0xx_usart.o
                0x08001028                USART_GetFlagStatus
 .text.pow      0x08001110      0x370 c:/program files (x86)/gnu tools arm embedded/q2/bin/../lib/gcc/arm-none-eabi/4.8.4/../../../../arm-none-eabi/lib/armv6-m\libm.a(lib_a-w_pow.o)
                0x08001110                pow
 .text.__ieee754_pow
                0x08001480      0xb20 c:/program files (x86)/gnu tools arm embedded/q2/bin/../lib/gcc/arm-none-eabi/4.8.4/../../../../arm-none-eabi/lib/armv6-m\libm.a(lib_a-e_pow.o)
                0x08001480                __ieee754_pow
 .text.__ieee754_sqrt
                0x08001fa0      0x1cc c:/program files (x86)/gnu tools arm embedded/q2/bin/../lib/gcc/arm-none-eabi/4.8.4/../../../../arm-none-eabi/lib/armv6-m\libm.a(lib_a-e_sqrt.o)
                0x08001fa0                __ieee754_sqrt
 .text.fabs     0x0800216c        0x8 c:/program files (x86)/gnu tools arm embedded/q2/bin/../lib/gcc/arm-none-eabi/4.8.4/../../../../arm-none-eabi/lib/armv6-m\libm.a(lib_a-s_fabs.o)
                0x0800216c                fabs
 .text.finite   0x08002174       0x10 c:/program files (x86)/gnu tools arm embedded/q2/bin/../lib/gcc/arm-none-eabi/4.8.4/../../../../arm-none-eabi/lib/armv6-m\libm.a(lib_a-s_finite.o)
                0x08002174                finite
 .text.__fpclassifyd
                0x08002184       0x60 c:/program files (x86)/gnu tools arm embedded/q2/bin/../lib/gcc/arm-none-eabi/4.8.4/../../../../arm-none-eabi/lib/armv6-m\libm.a(lib_a-s_fpclassify.o)
                0x08002184                __fpclassifyd
 .text.matherr  0x080021e4        0x4 c:/program files (x86)/gnu tools arm embedded/q2/bin/../lib/gcc/arm-none-eabi/4.8.4/../../../../arm-none-eabi/lib/armv6-m\libm.a(lib_a-s_matherr.o)
                0x080021e4                matherr
 .text.nan      0x080021e8       0x10 c:/program files (x86)/gnu tools arm embedded/q2/bin/../lib/gcc/arm-none-eabi/4.8.4/../../../../arm-none-eabi/lib/armv6-m\libm.a(lib_a-s_nan.o)
                0x080021e8                nan
 .text.rint     0x080021f8      0x154 c:/program files (x86)/gnu tools arm embedded/q2/bin/../lib/gcc/arm-none-eabi/4.8.4/../../../../arm-none-eabi/lib/armv6-m\libm.a(lib_a-s_rint.o)
                0x080021f8                rint
 *fill*         0x0800234c        0x4 
 .text.scalbn   0x08002350      0x110 c:/program files (x86)/gnu tools arm embedded/q2/bin/../lib/gcc/arm-none-eabi/4.8.4/../../../../arm-none-eabi/lib/armv6-m\libm.a(lib_a-s_scalbn.o)
                0x08002350                scalbn
 .text.copysign
                0x08002460       0x10 c:/program files (x86)/gnu tools arm embedded/q2/bin/../lib/gcc/arm-none-eabi/4.8.4/../../../../arm-none-eabi/lib/armv6-m\libm.a(lib_a-s_copysign.o)
                0x08002460                copysign
 .text          0x08002470       0x9c c:/program files (x86)/gnu tools arm embedded/q2/bin/../lib/gcc/arm-none-eabi/4.8.4/armv6-m\libgcc.a(_udivsi3.o)
                0x08002470                __aeabi_uidiv
                0x08002470                __udivsi3
                0x080024f8                __aeabi_uidivmod
 .text          0x0800250c        0x4 c:/program files (x86)/gnu tools arm embedded/q2/bin/../lib/gcc/arm-none-eabi/4.8.4/armv6-m\libgcc.a(_dvmd_tls.o)
                0x0800250c                __aeabi_idiv0
                0x0800250c                __aeabi_ldiv0
 .text          0x08002510       0x7c c:/program files (x86)/gnu tools arm embedded/q2/bin/../lib/gcc/arm-none-eabi/4.8.4/armv6-m\libgcc.a(_arm_cmpdf2.o)
                0x08002510                __aeabi_cdrcmple
                0x08002520                __aeabi_cdcmple
                0x08002520                __aeabi_cdcmpeq
                0x08002530                __aeabi_dcmpeq
                0x0800253c                __aeabi_dcmplt
                0x08002550                __aeabi_dcmple
                0x08002564                __aeabi_dcmpgt
                0x08002578                __aeabi_dcmpge
 *fill*         0x0800258c        0x4 
 .text          0x08002590       0x40 c:/program files (x86)/gnu tools arm embedded/q2/bin/../lib/gcc/arm-none-eabi/4.8.4/armv6-m\libgcc.a(_fixunsdfsi.o)
                0x08002590                __aeabi_d2uiz
                0x08002590                __fixunsdfsi
 .text          0x080025d0      0x644 c:/program files (x86)/gnu tools arm embedded/q2/bin/../lib/gcc/arm-none-eabi/4.8.4/armv6-m\libgcc.a(adddf3.o)
                0x080025d0                __aeabi_dadd
 .text          0x08002c14      0x648 c:/program files (x86)/gnu tools arm embedded/q2/bin/../lib/gcc/arm-none-eabi/4.8.4/armv6-m\libgcc.a(divdf3.o)
                0x08002c14                __aeabi_ddiv
 .text          0x0800325c       0x94 c:/program files (x86)/gnu tools arm embedded/q2/bin/../lib/gcc/arm-none-eabi/4.8.4/armv6-m\libgcc.a(eqdf2.o)
                0x0800325c                __nedf2
                0x0800325c                __eqdf2
 .text          0x080032f0       0xfc c:/program files (x86)/gnu tools arm embedded/q2/bin/../lib/gcc/arm-none-eabi/4.8.4/armv6-m\libgcc.a(gedf2.o)
                0x080032f0                __gedf2
                0x080032f0                __gtdf2
 .text          0x080033ec       0xfc c:/program files (x86)/gnu tools arm embedded/q2/bin/../lib/gcc/arm-none-eabi/4.8.4/armv6-m\libgcc.a(ledf2.o)
                0x080033ec                __ledf2
                0x080033ec                __ltdf2
 .text          0x080034e8      0x520 c:/program files (x86)/gnu tools arm embedded/q2/bin/../lib/gcc/arm-none-eabi/4.8.4/armv6-m\libgcc.a(muldf3.o)
                0x080034e8                __aeabi_dmul
 .text          0x08003a08      0x668 c:/program files (x86)/gnu tools arm embedded/q2/bin/../lib/gcc/arm-none-eabi/4.8.4/armv6-m\libgcc.a(subdf3.o)
                0x08003a08                __aeabi_dsub
 .text          0x08004070       0x68 c:/program files (x86)/gnu tools arm embedded/q2/bin/../lib/gcc/arm-none-eabi/4.8.4/armv6-m\libgcc.a(fixdfsi.o)
                0x08004070                __aeabi_d2iz
 .text          0x080040d8       0x7c c:/program files (x86)/gnu tools arm embedded/q2/bin/../lib/gcc/arm-none-eabi/4.8.4/armv6-m\libgcc.a(floatsidf.o)
                0x080040d8                __aeabi_i2d
 .text          0x08004154       0x68 c:/program files (x86)/gnu tools arm embedded/q2/bin/../lib/gcc/arm-none-eabi/4.8.4/armv6-m\libgcc.a(floatunsidf.o)
                0x08004154                __aeabi_ui2d
 .text          0x080041bc       0x3c c:/program files (x86)/gnu tools arm embedded/q2/bin/../lib/gcc/arm-none-eabi/4.8.4/armv6-m\libgcc.a(_clzsi2.o)
                0x080041bc                __clzsi2
 .text.__errno  0x080041f8        0xc c:/program files (x86)/gnu tools arm embedded/q2/bin/../lib/gcc/arm-none-eabi/4.8.4/../../../../arm-none-eabi/lib/armv6-m\libg_s.a(lib_a-errno.o)
                0x080041f8                __errno
 .text.sprintf  0x08004204       0x44 c:/program files (x86)/gnu tools arm embedded/q2/bin/../lib/gcc/arm-none-eabi/4.8.4/../../../../arm-none-eabi/lib/armv6-m\libg_s.a(lib_a-sprintf.o)
                0x08004204                siprintf
                0x08004204                sprintf
 .text.__ssputs_r
                0x08004248       0xc0 c:/program files (x86)/gnu tools arm embedded/q2/bin/../lib/gcc/arm-none-eabi/4.8.4/../../../../arm-none-eabi/lib/armv6-m\libg_s.a(lib_a-svfprintf.o)
                0x08004248                __ssputs_r
 .text._svfprintf_r
                0x08004308      0x1e0 c:/program files (x86)/gnu tools arm embedded/q2/bin/../lib/gcc/arm-none-eabi/4.8.4/../../../../arm-none-eabi/lib/armv6-m\libg_s.a(lib_a-svfprintf.o)
                0x08004308                _svfiprintf_r
                0x08004308                _svfprintf_r
 .text._printf_common
                0x080044e8       0xe8 c:/program files (x86)/gnu tools arm embedded/q2/bin/../lib/gcc/arm-none-eabi/4.8.4/../../../../arm-none-eabi/lib/armv6-m\libg_s.a(lib_a-vfprintf_i.o)
                0x080044e8                _printf_common
 .text._printf_i
                0x080045d0      0x22c c:/program files (x86)/gnu tools arm embedded/q2/bin/../lib/gcc/arm-none-eabi/4.8.4/../../../../arm-none-eabi/lib/armv6-m\libg_s.a(lib_a-vfprintf_i.o)
                0x080045d0                _printf_i
 .text.memchr   0x080047fc       0x16 c:/program files (x86)/gnu tools arm embedded/q2/bin/../lib/gcc/arm-none-eabi/4.8.4/../../../../arm-none-eabi/lib/armv6-m\libg_s.a(lib_a-memchr-stub.o)
                0x080047fc                memchr
 .text.memcpy   0x08004812       0x12 c:/program files (x86)/gnu tools arm embedded/q2/bin/../lib/gcc/arm-none-eabi/4.8.4/../../../../arm-none-eabi/lib/armv6-m\libg_s.a(lib_a-memcpy-stub.o)
                0x08004812                memcpy
 .text.memmove  0x08004824       0x32 c:/program files (x86)/gnu tools arm embedded/q2/bin/../lib/gcc/arm-none-eabi/4.8.4/../../../../arm-none-eabi/lib/armv6-m\libg_s.a(lib_a-memmove.o)
                0x08004824                memmove
 *fill*         0x08004856        0x2 
 .text._free_r  0x08004858       0x90 c:/program files (x86)/gnu tools arm embedded/q2/bin/../lib/gcc/arm-none-eabi/4.8.4/../../../../arm-none-eabi/lib/armv6-m\libg_s.a(lib_a-nano-freer.o)
                0x08004858                _free_r
 .text._malloc_r
                0x080048e8       0xa8 c:/program files (x86)/gnu tools arm embedded/q2/bin/../lib/gcc/arm-none-eabi/4.8.4/../../../../arm-none-eabi/lib/armv6-m\libg_s.a(lib_a-nano-mallocr.o)
                0x080048e8                _malloc_r
 .text._realloc_r
                0x08004990       0x4c c:/program files (x86)/gnu tools arm embedded/q2/bin/../lib/gcc/arm-none-eabi/4.8.4/../../../../arm-none-eabi/lib/armv6-m\libg_s.a(lib_a-nano-reallocr.o)
                0x08004990                _realloc_r
 .text._sbrk_r  0x080049dc       0x24 c:/program files (x86)/gnu tools arm embedded/q2/bin/../lib/gcc/arm-none-eabi/4.8.4/../../../../arm-none-eabi/lib/armv6-m\libg_s.a(lib_a-sbrkr.o)
                0x080049dc                _sbrk_r
 .text.strlen   0x08004a00        0xe c:/program files (x86)/gnu tools arm embedded/q2/bin/../lib/gcc/arm-none-eabi/4.8.4/../../../../arm-none-eabi/lib/armv6-m\libg_s.a(lib_a-strlen.o)
                0x08004a00                strlen
 .text._malloc_usable_size_r
                0x08004a0e       0x12 c:/program files (x86)/gnu tools arm embedded/q2/bin/../lib/gcc/arm-none-eabi/4.8.4/../../../../arm-none-eabi/lib/armv6-m\libg_s.a(lib_a-nano-msizer.o)
                0x08004a0e                _malloc_usable_size_r
 *(.rodata .rodata.* .constdata .constdata.*)
 .rodata.str1.4
                0x08004a20       0x1c src\main.o
 .rodata.str1.4
                0x08004a3c       0x31 system\src\stm32f0-stdperiph\stm32f0xx_gpio.o
                                 0x34 (size before relaxing)
 *fill*         0x08004a6d        0x3 
 .rodata.str1.4
                0x08004a70       0x30 system\src\stm32f0-stdperiph\stm32f0xx_rcc.o
 .rodata.str1.4
                0x08004aa0       0x32 system\src\stm32f0-stdperiph\stm32f0xx_usart.o
                                 0x34 (size before relaxing)
 *fill*         0x08004ad2        0x2 
 .rodata.str1.4
                0x08004ad4        0x4 c:/program files (x86)/gnu tools arm embedded/q2/bin/../lib/gcc/arm-none-eabi/4.8.4/../../../../arm-none-eabi/lib/armv6-m\libm.a(lib_a-w_pow.o)
 .rodata.dp_h   0x08004ad8       0x10 c:/program files (x86)/gnu tools arm embedded/q2/bin/../lib/gcc/arm-none-eabi/4.8.4/../../../../arm-none-eabi/lib/armv6-m\libm.a(lib_a-e_pow.o)
 .rodata.dp_l   0x08004ae8       0x10 c:/program files (x86)/gnu tools arm embedded/q2/bin/../lib/gcc/arm-none-eabi/4.8.4/../../../../arm-none-eabi/lib/armv6-m\libm.a(lib_a-e_pow.o)
 .rodata.bp     0x08004af8       0x10 c:/program files (x86)/gnu tools arm embedded/q2/bin/../lib/gcc/arm-none-eabi/4.8.4/../../../../arm-none-eabi/lib/armv6-m\libm.a(lib_a-e_pow.o)
 .rodata.str1.4
                0x00000000        0x4 c:/program files (x86)/gnu tools arm embedded/q2/bin/../lib/gcc/arm-none-eabi/4.8.4/../../../../arm-none-eabi/lib/armv6-m\libm.a(lib_a-e_pow.o)
 .rodata.TWO52  0x08004b08       0x10 c:/program files (x86)/gnu tools arm embedded/q2/bin/../lib/gcc/arm-none-eabi/4.8.4/../../../../arm-none-eabi/lib/armv6-m\libm.a(lib_a-s_rint.o)
 .rodata        0x08004b18       0x40 c:/program files (x86)/gnu tools arm embedded/q2/bin/../lib/gcc/arm-none-eabi/4.8.4/armv6-m\libgcc.a(divdf3.o)
 .rodata        0x08004b58       0x40 c:/program files (x86)/gnu tools arm embedded/q2/bin/../lib/gcc/arm-none-eabi/4.8.4/armv6-m\libgcc.a(muldf3.o)
 .rodata.str1.1
                0x08004b98        0x2 c:/program files (x86)/gnu tools arm embedded/q2/bin/../lib/gcc/arm-none-eabi/4.8.4/../../../../arm-none-eabi/lib/armv6-m\libg_s.a(lib_a-impure.o)
 .rodata.str1.1
                0x08004b9a       0x11 c:/program files (x86)/gnu tools arm embedded/q2/bin/../lib/gcc/arm-none-eabi/4.8.4/../../../../arm-none-eabi/lib/armv6-m\libg_s.a(lib_a-svfprintf.o)
 .rodata.str1.1
                0x08004bab       0x22 c:/program files (x86)/gnu tools arm embedded/q2/bin/../lib/gcc/arm-none-eabi/4.8.4/../../../../arm-none-eabi/lib/armv6-m\libg_s.a(lib_a-vfprintf_i.o)
 *(vtable)
 *(.eh_frame*)
 *(.glue_7)
 .glue_7        0x00000000        0x0 linker stubs
 *(.glue_7t)
 .glue_7t       0x00000000        0x0 linker stubs

.vfp11_veneer   0x08004bd0        0x0
 .vfp11_veneer  0x00000000        0x0 linker stubs

.v4_bx          0x08004bd0        0x0
 .v4_bx         0x00000000        0x0 linker stubs

.iplt           0x08004bd0        0x0
 .iplt          0x00000000        0x0 src\_write.o

.rel.dyn        0x08004bd0        0x0
 .rel.iplt      0x00000000        0x0 src\_write.o

.ARM.extab
 *(.ARM.extab* .gnu.linkonce.armextab.*)
                0x08004bd0                . = ALIGN (0x4)
                0x08004bd0                __exidx_start = .

.ARM.exidx
 *(.ARM.exidx* .gnu.linkonce.armexidx.*)
                0x08004bd0                __exidx_end = .
                0x08004bd0                . = ALIGN (0x4)
                0x08004bd0                _etext = .
                0x08004bd0                __etext = .

.data_CCMRAM    0x00000000        0x0 load address 0x08004bd0
 FILL mask 0xff
 *(.data.CCMRAM .data.CCMRAM.*)
                0x00000000                . = ALIGN (0x4)
                0x08004bd0                _sidata = LOADADDR (.data)

.data           0x20000000       0x9c load address 0x08004bd0
 FILL mask 0xff
                0x20000000                _sdata = .
                0x20000000                __data_start__ = .
 *(.data_begin .data_begin.*)
 .data_begin    0x20000000        0x4 system\src\newlib\_startup.o
 *(.data .data.*)
 .data.AHBPrescTable
                0x20000004       0x10 system\src\cmsis\system_stm32f0xx.o
                0x20000004                AHBPrescTable
 .data.SystemCoreClock
                0x20000014        0x4 system\src\cmsis\system_stm32f0xx.o
                0x20000014                SystemCoreClock
 .data.argv.4015
                0x20000018        0x8 system\src\newlib\_syscalls.o
 .data.APBAHBPrescTable
                0x20000020       0x10 system\src\stm32f0-stdperiph\stm32f0xx_rcc.o
 .data.__fdlib_version
                0x20000030        0x1 c:/program files (x86)/gnu tools arm embedded/q2/bin/../lib/gcc/arm-none-eabi/4.8.4/../../../../arm-none-eabi/lib/armv6-m\libm.a(lib_a-s_lib_ver.o)
                0x20000030                __fdlib_version
 *fill*         0x20000031        0x3 
 .data.impure_data
                0x20000034       0x60 c:/program files (x86)/gnu tools arm embedded/q2/bin/../lib/gcc/arm-none-eabi/4.8.4/../../../../arm-none-eabi/lib/armv6-m\libg_s.a(lib_a-impure.o)
 .data._impure_ptr
                0x20000094        0x4 c:/program files (x86)/gnu tools arm embedded/q2/bin/../lib/gcc/arm-none-eabi/4.8.4/../../../../arm-none-eabi/lib/armv6-m\libg_s.a(lib_a-impure.o)
                0x20000094                _impure_ptr
 *(.data_end .data_end.*)
 .data_end      0x20000098        0x4 system\src\newlib\_startup.o
                0x2000009c                . = ALIGN (0x4)
                0x2000009c                _edata = .
                0x2000009c                __data_end__ = .

.igot.plt       0x2000009c        0x0 load address 0x08004c6c
 .igot.plt      0x00000000        0x0 src\_write.o

.bss_CCMRAM     0x00000000        0x0
 *(.bss.CCMRAM .bss.CCMRAM.*)

.bss            0x2000009c       0x54
                0x2000009c                __bss_start__ = .
                0x2000009c                _sbss = .
 *(.bss_begin .bss_begin.*)
 .bss_begin     0x2000009c        0x4 system\src\newlib\_startup.o
 *(.bss .bss.*)
 .bss.current_heap_end.3842
                0x200000a0        0x4 system\src\newlib\_sbrk.o
 .bss.name.4014
                0x200000a4        0x4 system\src\newlib\_syscalls.o
 .bss.__malloc_sbrk_start
                0x200000a8        0x4 c:/program files (x86)/gnu tools arm embedded/q2/bin/../lib/gcc/arm-none-eabi/4.8.4/../../../../arm-none-eabi/lib/armv6-m\libg_s.a(lib_a-nano-mallocr.o)
                0x200000a8                __malloc_sbrk_start
 .bss.__malloc_free_list
                0x200000ac        0x4 c:/program files (x86)/gnu tools arm embedded/q2/bin/../lib/gcc/arm-none-eabi/4.8.4/../../../../arm-none-eabi/lib/armv6-m\libg_s.a(lib_a-nano-mallocr.o)
                0x200000ac                __malloc_free_list
 *(COMMON)
 COMMON         0x200000b0       0x38 src\main.o
                0x200000b0                temp
                0x200000b4                sysclocks
                0x200000d8                lcdstring
 COMMON         0x200000e8        0x4 system\src\newlib\_syscalls.o
                0x200000e8                errno
 *(.bss_end .bss_end.*)
 .bss_end       0x200000ec        0x4 system\src\newlib\_startup.o
                0x200000f0                . = ALIGN (0x4)
                0x200000f0                __bss_end__ = .
                0x200000f0                _ebss = .

.noinit_CCMRAM
 *(.noinit.CCMRAM .noinit.CCMRAM.*)

.noinit         0x200000f0        0x0
                0x200000f0                _noinit = .
 *(.noinit .noinit.*)
                0x200000f0                . = ALIGN (0x4)
                0x200000f0                _end_noinit = .
                0x200000f0                PROVIDE (end, _end_noinit)
                0x200000f0                PROVIDE (_end, _end_noinit)
                0x200000f0                PROVIDE (__end, _end_noinit)
                0x200000f0                PROVIDE (__end__, _end_noinit)

._check_stack   0x200000f0      0x100
                0x200001f0                . = (. + _Minimum_Stack_Size)
 *fill*         0x200000f0      0x100 

.b1text
 *(.b1text)
 *(.b1rodata)
 *(.b1rodata.*)

.eb0text
 *(.eb0text)
 *(.eb0rodata)
 *(.eb0rodata.*)

.eb1text
 *(.eb1text)
 *(.eb1rodata)
 *(.eb1rodata.*)

.eb2text
 *(.eb2text)
 *(.eb2rodata)
 *(.eb2rodata.*)

.eb3text
 *(.eb3text)
 *(.eb3rodata)
 *(.eb3rodata.*)

.stab
 *(.stab)

.stabstr
 *(.stabstr)

.stab.excl
 *(.stab.excl)

.stab.exclstr
 *(.stab.exclstr)

.stab.index
 *(.stab.index)

.stab.indexstr
 *(.stab.indexstr)

.comment        0x00000000       0x70
 *(.comment)
 .comment       0x00000000       0x70 src\lcd_stm32f0.o
                                 0x71 (size before relaxing)
 .comment       0x00000000       0x71 src\main.o
 .comment       0x00000000       0x71 system\src\cmsis\system_stm32f0xx.o
 .comment       0x00000000       0x71 system\src\cmsis\vectors_stm32f0xx.o
 .comment       0x00000000       0x71 system\src\cortexm\_initialize_hardware.o
 .comment       0x00000000       0x71 system\src\cortexm\exception_handlers.o
 .comment       0x00000000       0x71 system\src\newlib\_exit.o
 .comment       0x00000000       0x71 system\src\newlib\_sbrk.o
 .comment       0x00000000       0x71 system\src\newlib\_startup.o
 .comment       0x00000000       0x71 system\src\newlib\_syscalls.o
 .comment       0x00000000       0x71 system\src\newlib\assert.o
 .comment       0x00000000       0x71 system\src\stm32f0-stdperiph\stm32f0xx_gpio.o
 .comment       0x00000000       0x71 system\src\stm32f0-stdperiph\stm32f0xx_rcc.o
 .comment       0x00000000       0x71 system\src\stm32f0-stdperiph\stm32f0xx_usart.o

.ARM.attributes
                0x00000000       0x31
 .ARM.attributes
                0x00000000       0x31 src\lcd_stm32f0.o
 .ARM.attributes
                0x00000031       0x31 src\main.o
 .ARM.attributes
                0x00000062       0x31 system\src\cmsis\system_stm32f0xx.o
 .ARM.attributes
                0x00000093       0x31 system\src\cmsis\vectors_stm32f0xx.o
 .ARM.attributes
                0x000000c4       0x31 system\src\cortexm\_initialize_hardware.o
 .ARM.attributes
                0x000000f5       0x31 system\src\cortexm\exception_handlers.o
 .ARM.attributes
                0x00000126       0x31 system\src\newlib\_exit.o
 .ARM.attributes
                0x00000157       0x31 system\src\newlib\_sbrk.o
 .ARM.attributes
                0x00000188       0x31 system\src\newlib\_startup.o
 .ARM.attributes
                0x000001b9       0x31 system\src\newlib\_syscalls.o
 .ARM.attributes
                0x000001ea       0x31 system\src\newlib\assert.o
 .ARM.attributes
                0x0000021b       0x31 system\src\stm32f0-stdperiph\stm32f0xx_gpio.o
 .ARM.attributes
                0x0000024c       0x31 system\src\stm32f0-stdperiph\stm32f0xx_rcc.o
 .ARM.attributes
                0x0000027d       0x31 system\src\stm32f0-stdperiph\stm32f0xx_usart.o
 .ARM.attributes
                0x000002ae       0x2c c:/program files (x86)/gnu tools arm embedded/q2/bin/../lib/gcc/arm-none-eabi/4.8.4/../../../../arm-none-eabi/lib/armv6-m\libm.a(lib_a-w_pow.o)
 .ARM.attributes
                0x000002da       0x2c c:/program files (x86)/gnu tools arm embedded/q2/bin/../lib/gcc/arm-none-eabi/4.8.4/../../../../arm-none-eabi/lib/armv6-m\libm.a(lib_a-e_pow.o)
 .ARM.attributes
                0x00000306       0x2c c:/program files (x86)/gnu tools arm embedded/q2/bin/../lib/gcc/arm-none-eabi/4.8.4/../../../../arm-none-eabi/lib/armv6-m\libm.a(lib_a-e_sqrt.o)
 .ARM.attributes
                0x00000332       0x2c c:/program files (x86)/gnu tools arm embedded/q2/bin/../lib/gcc/arm-none-eabi/4.8.4/../../../../arm-none-eabi/lib/armv6-m\libm.a(lib_a-s_fabs.o)
 .ARM.attributes
                0x0000035e       0x2c c:/program files (x86)/gnu tools arm embedded/q2/bin/../lib/gcc/arm-none-eabi/4.8.4/../../../../arm-none-eabi/lib/armv6-m\libm.a(lib_a-s_finite.o)
 .ARM.attributes
                0x0000038a       0x2c c:/program files (x86)/gnu tools arm embedded/q2/bin/../lib/gcc/arm-none-eabi/4.8.4/../../../../arm-none-eabi/lib/armv6-m\libm.a(lib_a-s_fpclassify.o)
 .ARM.attributes
                0x000003b6       0x2c c:/program files (x86)/gnu tools arm embedded/q2/bin/../lib/gcc/arm-none-eabi/4.8.4/../../../../arm-none-eabi/lib/armv6-m\libm.a(lib_a-s_lib_ver.o)
 .ARM.attributes
                0x000003e2       0x2c c:/program files (x86)/gnu tools arm embedded/q2/bin/../lib/gcc/arm-none-eabi/4.8.4/../../../../arm-none-eabi/lib/armv6-m\libm.a(lib_a-s_matherr.o)
 .ARM.attributes
                0x0000040e       0x2c c:/program files (x86)/gnu tools arm embedded/q2/bin/../lib/gcc/arm-none-eabi/4.8.4/../../../../arm-none-eabi/lib/armv6-m\libm.a(lib_a-s_nan.o)
 .ARM.attributes
                0x0000043a       0x2c c:/program files (x86)/gnu tools arm embedded/q2/bin/../lib/gcc/arm-none-eabi/4.8.4/../../../../arm-none-eabi/lib/armv6-m\libm.a(lib_a-s_rint.o)
 .ARM.attributes
                0x00000466       0x2c c:/program files (x86)/gnu tools arm embedded/q2/bin/../lib/gcc/arm-none-eabi/4.8.4/../../../../arm-none-eabi/lib/armv6-m\libm.a(lib_a-s_scalbn.o)
 .ARM.attributes
                0x00000492       0x2c c:/program files (x86)/gnu tools arm embedded/q2/bin/../lib/gcc/arm-none-eabi/4.8.4/../../../../arm-none-eabi/lib/armv6-m\libm.a(lib_a-s_copysign.o)
 .ARM.attributes
                0x000004be       0x1e c:/program files (x86)/gnu tools arm embedded/q2/bin/../lib/gcc/arm-none-eabi/4.8.4/armv6-m\libgcc.a(_udivsi3.o)
 .ARM.attributes
                0x000004dc       0x1e c:/program files (x86)/gnu tools arm embedded/q2/bin/../lib/gcc/arm-none-eabi/4.8.4/armv6-m\libgcc.a(_dvmd_tls.o)
 .ARM.attributes
                0x000004fa       0x1e c:/program files (x86)/gnu tools arm embedded/q2/bin/../lib/gcc/arm-none-eabi/4.8.4/armv6-m\libgcc.a(_arm_cmpdf2.o)
 .ARM.attributes
                0x00000518       0x2c c:/program files (x86)/gnu tools arm embedded/q2/bin/../lib/gcc/arm-none-eabi/4.8.4/armv6-m\libgcc.a(_fixunsdfsi.o)
 .ARM.attributes
                0x00000544       0x2c c:/program files (x86)/gnu tools arm embedded/q2/bin/../lib/gcc/arm-none-eabi/4.8.4/armv6-m\libgcc.a(adddf3.o)
 .ARM.attributes
                0x00000570       0x2c c:/program files (x86)/gnu tools arm embedded/q2/bin/../lib/gcc/arm-none-eabi/4.8.4/armv6-m\libgcc.a(divdf3.o)
 .ARM.attributes
                0x0000059c       0x2c c:/program files (x86)/gnu tools arm embedded/q2/bin/../lib/gcc/arm-none-eabi/4.8.4/armv6-m\libgcc.a(eqdf2.o)
 .ARM.attributes
                0x000005c8       0x2c c:/program files (x86)/gnu tools arm embedded/q2/bin/../lib/gcc/arm-none-eabi/4.8.4/armv6-m\libgcc.a(gedf2.o)
 .ARM.attributes
                0x000005f4       0x2c c:/program files (x86)/gnu tools arm embedded/q2/bin/../lib/gcc/arm-none-eabi/4.8.4/armv6-m\libgcc.a(ledf2.o)
 .ARM.attributes
                0x00000620       0x2c c:/program files (x86)/gnu tools arm embedded/q2/bin/../lib/gcc/arm-none-eabi/4.8.4/armv6-m\libgcc.a(muldf3.o)
 .ARM.attributes
                0x0000064c       0x2c c:/program files (x86)/gnu tools arm embedded/q2/bin/../lib/gcc/arm-none-eabi/4.8.4/armv6-m\libgcc.a(subdf3.o)
 .ARM.attributes
                0x00000678       0x2c c:/program files (x86)/gnu tools arm embedded/q2/bin/../lib/gcc/arm-none-eabi/4.8.4/armv6-m\libgcc.a(fixdfsi.o)
 .ARM.attributes
                0x000006a4       0x2c c:/program files (x86)/gnu tools arm embedded/q2/bin/../lib/gcc/arm-none-eabi/4.8.4/armv6-m\libgcc.a(floatsidf.o)
 .ARM.attributes
                0x000006d0       0x2c c:/program files (x86)/gnu tools arm embedded/q2/bin/../lib/gcc/arm-none-eabi/4.8.4/armv6-m\libgcc.a(floatunsidf.o)
 .ARM.attributes
                0x000006fc       0x1e c:/program files (x86)/gnu tools arm embedded/q2/bin/../lib/gcc/arm-none-eabi/4.8.4/armv6-m\libgcc.a(_clzsi2.o)
 .ARM.attributes
                0x0000071a       0x2c c:/program files (x86)/gnu tools arm embedded/q2/bin/../lib/gcc/arm-none-eabi/4.8.4/../../../../arm-none-eabi/lib/armv6-m\libg_s.a(lib_a-errno.o)
 .ARM.attributes
                0x00000746       0x2c c:/program files (x86)/gnu tools arm embedded/q2/bin/../lib/gcc/arm-none-eabi/4.8.4/../../../../arm-none-eabi/lib/armv6-m\libg_s.a(lib_a-impure.o)
 .ARM.attributes
                0x00000772       0x2c c:/program files (x86)/gnu tools arm embedded/q2/bin/../lib/gcc/arm-none-eabi/4.8.4/../../../../arm-none-eabi/lib/armv6-m\libg_s.a(lib_a-sprintf.o)
 .ARM.attributes
                0x0000079e       0x2c c:/program files (x86)/gnu tools arm embedded/q2/bin/../lib/gcc/arm-none-eabi/4.8.4/../../../../arm-none-eabi/lib/armv6-m\libg_s.a(lib_a-svfprintf.o)
 .ARM.attributes
                0x000007ca       0x2c c:/program files (x86)/gnu tools arm embedded/q2/bin/../lib/gcc/arm-none-eabi/4.8.4/../../../../arm-none-eabi/lib/armv6-m\libg_s.a(lib_a-vfprintf_i.o)
 .ARM.attributes
                0x000007f6       0x2c c:/program files (x86)/gnu tools arm embedded/q2/bin/../lib/gcc/arm-none-eabi/4.8.4/../../../../arm-none-eabi/lib/armv6-m\libg_s.a(lib_a-memchr-stub.o)
 .ARM.attributes
                0x00000822       0x2c c:/program files (x86)/gnu tools arm embedded/q2/bin/../lib/gcc/arm-none-eabi/4.8.4/../../../../arm-none-eabi/lib/armv6-m\libg_s.a(lib_a-memcpy-stub.o)
 .ARM.attributes
                0x0000084e       0x2c c:/program files (x86)/gnu tools arm embedded/q2/bin/../lib/gcc/arm-none-eabi/4.8.4/../../../../arm-none-eabi/lib/armv6-m\libg_s.a(lib_a-memmove.o)
 .ARM.attributes
                0x0000087a       0x2c c:/program files (x86)/gnu tools arm embedded/q2/bin/../lib/gcc/arm-none-eabi/4.8.4/../../../../arm-none-eabi/lib/armv6-m\libg_s.a(lib_a-nano-freer.o)
 .ARM.attributes
                0x000008a6       0x2c c:/program files (x86)/gnu tools arm embedded/q2/bin/../lib/gcc/arm-none-eabi/4.8.4/../../../../arm-none-eabi/lib/armv6-m\libg_s.a(lib_a-nano-mallocr.o)
 .ARM.attributes
                0x000008d2       0x2c c:/program files (x86)/gnu tools arm embedded/q2/bin/../lib/gcc/arm-none-eabi/4.8.4/../../../../arm-none-eabi/lib/armv6-m\libg_s.a(lib_a-nano-reallocr.o)
 .ARM.attributes
                0x000008fe       0x2c c:/program files (x86)/gnu tools arm embedded/q2/bin/../lib/gcc/arm-none-eabi/4.8.4/../../../../arm-none-eabi/lib/armv6-m\libg_s.a(lib_a-sbrkr.o)
 .ARM.attributes
                0x0000092a       0x2c c:/program files (x86)/gnu tools arm embedded/q2/bin/../lib/gcc/arm-none-eabi/4.8.4/../../../../arm-none-eabi/lib/armv6-m\libg_s.a(lib_a-strlen.o)
 .ARM.attributes
                0x00000956       0x2c c:/program files (x86)/gnu tools arm embedded/q2/bin/../lib/gcc/arm-none-eabi/4.8.4/../../../../arm-none-eabi/lib/armv6-m\libg_s.a(lib_a-nano-msizer.o)

.debug
 *(.debug)

.line
 *(.line)

.debug_srcinfo
 *(.debug_srcinfo)

.debug_sfnames
 *(.debug_sfnames)

.debug_aranges  0x00000000      0x5a0
 *(.debug_aranges)
 .debug_aranges
                0x00000000       0x48 src\lcd_stm32f0.o
 .debug_aranges
                0x00000048       0x30 src\main.o
 .debug_aranges
                0x00000078       0x30 system\src\cmsis\system_stm32f0xx.o
 .debug_aranges
                0x000000a8       0x20 system\src\cmsis\vectors_stm32f0xx.o
 .debug_aranges
                0x000000c8       0x28 system\src\cortexm\_initialize_hardware.o
 .debug_aranges
                0x000000f0       0x50 system\src\cortexm\exception_handlers.o
 .debug_aranges
                0x00000140       0x28 system\src\newlib\_exit.o
 .debug_aranges
                0x00000168       0x20 system\src\newlib\_sbrk.o
 .debug_aranges
                0x00000188       0x40 system\src\newlib\_startup.o
 .debug_aranges
                0x000001c8       0x30 system\src\newlib\_syscalls.o
 .debug_aranges
                0x000001f8       0x28 system\src\newlib\assert.o
 .debug_aranges
                0x00000220       0x80 system\src\stm32f0-stdperiph\stm32f0xx_gpio.o
 .debug_aranges
                0x000002a0      0x160 system\src\stm32f0-stdperiph\stm32f0xx_rcc.o
 .debug_aranges
                0x00000400      0x1a0 system\src\stm32f0-stdperiph\stm32f0xx_usart.o

.debug_pubnames
 *(.debug_pubnames)

.debug_info     0x00000000     0x514c
 *(.debug_info .gnu.linkonce.wi.*)
 .debug_info    0x00000000      0x41b src\lcd_stm32f0.o
 .debug_info    0x0000041b      0x937 src\main.o
 .debug_info    0x00000d52      0x2e8 system\src\cmsis\system_stm32f0xx.o
 .debug_info    0x0000103a       0xd1 system\src\cmsis\vectors_stm32f0xx.o
 .debug_info    0x0000110b       0xc3 system\src\cortexm\_initialize_hardware.o
 .debug_info    0x000011ce      0x1b5 system\src\cortexm\exception_handlers.o
 .debug_info    0x00001383       0xee system\src\newlib\_exit.o
 .debug_info    0x00001471      0x125 system\src\newlib\_sbrk.o
 .debug_info    0x00001596      0x474 system\src\newlib\_startup.o
 .debug_info    0x00001a0a      0x1bc system\src\newlib\_syscalls.o
 .debug_info    0x00001bc6      0x168 system\src\newlib\assert.o
 .debug_info    0x00001d2e      0xa17 system\src\stm32f0-stdperiph\stm32f0xx_gpio.o
 .debug_info    0x00002745      0xf18 system\src\stm32f0-stdperiph\stm32f0xx_rcc.o
 .debug_info    0x0000365d     0x1aef system\src\stm32f0-stdperiph\stm32f0xx_usart.o

.debug_abbrev   0x00000000     0x1171
 *(.debug_abbrev)
 .debug_abbrev  0x00000000      0x14b src\lcd_stm32f0.o
 .debug_abbrev  0x0000014b      0x1f9 src\main.o
 .debug_abbrev  0x00000344      0x146 system\src\cmsis\system_stm32f0xx.o
 .debug_abbrev  0x0000048a       0x9d system\src\cmsis\vectors_stm32f0xx.o
 .debug_abbrev  0x00000527       0x63 system\src\cortexm\_initialize_hardware.o
 .debug_abbrev  0x0000058a       0xfd system\src\cortexm\exception_handlers.o
 .debug_abbrev  0x00000687       0xb7 system\src\newlib\_exit.o
 .debug_abbrev  0x0000073e       0xbb system\src\newlib\_sbrk.o
 .debug_abbrev  0x000007f9      0x1e9 system\src\newlib\_startup.o
 .debug_abbrev  0x000009e2       0xee system\src\newlib\_syscalls.o
 .debug_abbrev  0x00000ad0       0xb6 system\src\newlib\assert.o
 .debug_abbrev  0x00000b86      0x1db system\src\stm32f0-stdperiph\stm32f0xx_gpio.o
 .debug_abbrev  0x00000d61      0x23e system\src\stm32f0-stdperiph\stm32f0xx_rcc.o
 .debug_abbrev  0x00000f9f      0x1d2 system\src\stm32f0-stdperiph\stm32f0xx_usart.o

.debug_line     0x00000000     0x3dbe
 *(.debug_line)
 .debug_line    0x00000000      0x41b src\lcd_stm32f0.o
 .debug_line    0x0000041b      0x555 src\main.o
 .debug_line    0x00000970      0x3b1 system\src\cmsis\system_stm32f0xx.o
 .debug_line    0x00000d21       0xfb system\src\cmsis\vectors_stm32f0xx.o
 .debug_line    0x00000e1c      0x37a system\src\cortexm\_initialize_hardware.o
 .debug_line    0x00001196      0x615 system\src\cortexm\exception_handlers.o
 .debug_line    0x000017ab      0x291 system\src\newlib\_exit.o
 .debug_line    0x00001a3c      0x244 system\src\newlib\_sbrk.o
 .debug_line    0x00001c80      0x302 system\src\newlib\_startup.o
 .debug_line    0x00001f82      0x342 system\src\newlib\_syscalls.o
 .debug_line    0x000022c4      0x2ba system\src\newlib\assert.o
 .debug_line    0x0000257e      0x556 system\src\stm32f0-stdperiph\stm32f0xx_gpio.o
 .debug_line    0x00002ad4      0x861 system\src\stm32f0-stdperiph\stm32f0xx_rcc.o
 .debug_line    0x00003335      0xa89 system\src\stm32f0-stdperiph\stm32f0xx_usart.o

.debug_frame    0x00000000     0x1564
 *(.debug_frame)
 .debug_frame   0x00000000       0xa4 src\lcd_stm32f0.o
 .debug_frame   0x000000a4       0x68 src\main.o
 .debug_frame   0x0000010c       0x54 system\src\cmsis\system_stm32f0xx.o
 .debug_frame   0x00000160       0x20 system\src\cmsis\vectors_stm32f0xx.o
 .debug_frame   0x00000180       0x40 system\src\cortexm\_initialize_hardware.o
 .debug_frame   0x000001c0       0x88 system\src\cortexm\exception_handlers.o
 .debug_frame   0x00000248       0x38 system\src\newlib\_exit.o
 .debug_frame   0x00000280       0x28 system\src\newlib\_sbrk.o
 .debug_frame   0x000002a8       0x80 system\src\newlib\_startup.o
 .debug_frame   0x00000328       0x50 system\src\newlib\_syscalls.o
 .debug_frame   0x00000378       0x40 system\src\newlib\assert.o
 .debug_frame   0x000003b8      0x164 system\src\stm32f0-stdperiph\stm32f0xx_gpio.o
 .debug_frame   0x0000051c      0x3f4 system\src\stm32f0-stdperiph\stm32f0xx_rcc.o
 .debug_frame   0x00000910      0x558 system\src\stm32f0-stdperiph\stm32f0xx_usart.o
 .debug_frame   0x00000e68       0x38 c:/program files (x86)/gnu tools arm embedded/q2/bin/../lib/gcc/arm-none-eabi/4.8.4/../../../../arm-none-eabi/lib/armv6-m\libm.a(lib_a-w_pow.o)
 .debug_frame   0x00000ea0       0x3c c:/program files (x86)/gnu tools arm embedded/q2/bin/../lib/gcc/arm-none-eabi/4.8.4/../../../../arm-none-eabi/lib/armv6-m\libm.a(lib_a-e_pow.o)
 .debug_frame   0x00000edc       0x3c c:/program files (x86)/gnu tools arm embedded/q2/bin/../lib/gcc/arm-none-eabi/4.8.4/../../../../arm-none-eabi/lib/armv6-m\libm.a(lib_a-e_sqrt.o)
 .debug_frame   0x00000f18       0x20 c:/program files (x86)/gnu tools arm embedded/q2/bin/../lib/gcc/arm-none-eabi/4.8.4/../../../../arm-none-eabi/lib/armv6-m\libm.a(lib_a-s_fabs.o)
 .debug_frame   0x00000f38       0x20 c:/program files (x86)/gnu tools arm embedded/q2/bin/../lib/gcc/arm-none-eabi/4.8.4/../../../../arm-none-eabi/lib/armv6-m\libm.a(lib_a-s_finite.o)
 .debug_frame   0x00000f58       0x2c c:/program files (x86)/gnu tools arm embedded/q2/bin/../lib/gcc/arm-none-eabi/4.8.4/../../../../arm-none-eabi/lib/armv6-m\libm.a(lib_a-s_fpclassify.o)
 .debug_frame   0x00000f84       0x20 c:/program files (x86)/gnu tools arm embedded/q2/bin/../lib/gcc/arm-none-eabi/4.8.4/../../../../arm-none-eabi/lib/armv6-m\libm.a(lib_a-s_matherr.o)
 .debug_frame   0x00000fa4       0x20 c:/program files (x86)/gnu tools arm embedded/q2/bin/../lib/gcc/arm-none-eabi/4.8.4/../../../../arm-none-eabi/lib/armv6-m\libm.a(lib_a-s_nan.o)
 .debug_frame   0x00000fc4       0x38 c:/program files (x86)/gnu tools arm embedded/q2/bin/../lib/gcc/arm-none-eabi/4.8.4/../../../../arm-none-eabi/lib/armv6-m\libm.a(lib_a-s_rint.o)
 .debug_frame   0x00000ffc       0x30 c:/program files (x86)/gnu tools arm embedded/q2/bin/../lib/gcc/arm-none-eabi/4.8.4/../../../../arm-none-eabi/lib/armv6-m\libm.a(lib_a-s_scalbn.o)
 .debug_frame   0x0000102c       0x2c c:/program files (x86)/gnu tools arm embedded/q2/bin/../lib/gcc/arm-none-eabi/4.8.4/../../../../arm-none-eabi/lib/armv6-m\libm.a(lib_a-s_copysign.o)
 .debug_frame   0x00001058       0x20 c:/program files (x86)/gnu tools arm embedded/q2/bin/../lib/gcc/arm-none-eabi/4.8.4/armv6-m\libgcc.a(_udivsi3.o)
 .debug_frame   0x00001078       0x2c c:/program files (x86)/gnu tools arm embedded/q2/bin/../lib/gcc/arm-none-eabi/4.8.4/armv6-m\libgcc.a(_fixunsdfsi.o)
 .debug_frame   0x000010a4       0x3c c:/program files (x86)/gnu tools arm embedded/q2/bin/../lib/gcc/arm-none-eabi/4.8.4/armv6-m\libgcc.a(adddf3.o)
 .debug_frame   0x000010e0       0x3c c:/program files (x86)/gnu tools arm embedded/q2/bin/../lib/gcc/arm-none-eabi/4.8.4/armv6-m\libgcc.a(divdf3.o)
 .debug_frame   0x0000111c       0x3c c:/program files (x86)/gnu tools arm embedded/q2/bin/../lib/gcc/arm-none-eabi/4.8.4/armv6-m\libgcc.a(eqdf2.o)
 .debug_frame   0x00001158       0x38 c:/program files (x86)/gnu tools arm embedded/q2/bin/../lib/gcc/arm-none-eabi/4.8.4/armv6-m\libgcc.a(gedf2.o)
 .debug_frame   0x00001190       0x3c c:/program files (x86)/gnu tools arm embedded/q2/bin/../lib/gcc/arm-none-eabi/4.8.4/armv6-m\libgcc.a(ledf2.o)
 .debug_frame   0x000011cc       0x3c c:/program files (x86)/gnu tools arm embedded/q2/bin/../lib/gcc/arm-none-eabi/4.8.4/armv6-m\libgcc.a(muldf3.o)
 .debug_frame   0x00001208       0x3c c:/program files (x86)/gnu tools arm embedded/q2/bin/../lib/gcc/arm-none-eabi/4.8.4/armv6-m\libgcc.a(subdf3.o)
 .debug_frame   0x00001244       0x2c c:/program files (x86)/gnu tools arm embedded/q2/bin/../lib/gcc/arm-none-eabi/4.8.4/armv6-m\libgcc.a(fixdfsi.o)
 .debug_frame   0x00001270       0x30 c:/program files (x86)/gnu tools arm embedded/q2/bin/../lib/gcc/arm-none-eabi/4.8.4/armv6-m\libgcc.a(floatsidf.o)
 .debug_frame   0x000012a0       0x28 c:/program files (x86)/gnu tools arm embedded/q2/bin/../lib/gcc/arm-none-eabi/4.8.4/armv6-m\libgcc.a(floatunsidf.o)
 .debug_frame   0x000012c8       0x20 c:/program files (x86)/gnu tools arm embedded/q2/bin/../lib/gcc/arm-none-eabi/4.8.4/../../../../arm-none-eabi/lib/armv6-m\libg_s.a(lib_a-errno.o)
 .debug_frame   0x000012e8       0x4c c:/program files (x86)/gnu tools arm embedded/q2/bin/../lib/gcc/arm-none-eabi/4.8.4/../../../../arm-none-eabi/lib/armv6-m\libg_s.a(lib_a-sprintf.o)
 .debug_frame   0x00001334       0x74 c:/program files (x86)/gnu tools arm embedded/q2/bin/../lib/gcc/arm-none-eabi/4.8.4/../../../../arm-none-eabi/lib/armv6-m\libg_s.a(lib_a-svfprintf.o)
 .debug_frame   0x000013a8       0x54 c:/program files (x86)/gnu tools arm embedded/q2/bin/../lib/gcc/arm-none-eabi/4.8.4/../../../../arm-none-eabi/lib/armv6-m\libg_s.a(lib_a-vfprintf_i.o)
 .debug_frame   0x000013fc       0x20 c:/program files (x86)/gnu tools arm embedded/q2/bin/../lib/gcc/arm-none-eabi/4.8.4/../../../../arm-none-eabi/lib/armv6-m\libg_s.a(lib_a-memchr-stub.o)
 .debug_frame   0x0000141c       0x28 c:/program files (x86)/gnu tools arm embedded/q2/bin/../lib/gcc/arm-none-eabi/4.8.4/../../../../arm-none-eabi/lib/armv6-m\libg_s.a(lib_a-memcpy-stub.o)
 .debug_frame   0x00001444       0x2c c:/program files (x86)/gnu tools arm embedded/q2/bin/../lib/gcc/arm-none-eabi/4.8.4/../../../../arm-none-eabi/lib/armv6-m\libg_s.a(lib_a-memmove.o)
 .debug_frame   0x00001470       0x2c c:/program files (x86)/gnu tools arm embedded/q2/bin/../lib/gcc/arm-none-eabi/4.8.4/../../../../arm-none-eabi/lib/armv6-m\libg_s.a(lib_a-nano-freer.o)
 .debug_frame   0x0000149c       0x2c c:/program files (x86)/gnu tools arm embedded/q2/bin/../lib/gcc/arm-none-eabi/4.8.4/../../../../arm-none-eabi/lib/armv6-m\libg_s.a(lib_a-nano-mallocr.o)
 .debug_frame   0x000014c8       0x30 c:/program files (x86)/gnu tools arm embedded/q2/bin/../lib/gcc/arm-none-eabi/4.8.4/../../../../arm-none-eabi/lib/armv6-m\libg_s.a(lib_a-nano-reallocr.o)
 .debug_frame   0x000014f8       0x2c c:/program files (x86)/gnu tools arm embedded/q2/bin/../lib/gcc/arm-none-eabi/4.8.4/../../../../arm-none-eabi/lib/armv6-m\libg_s.a(lib_a-sbrkr.o)
 .debug_frame   0x00001524       0x20 c:/program files (x86)/gnu tools arm embedded/q2/bin/../lib/gcc/arm-none-eabi/4.8.4/../../../../arm-none-eabi/lib/armv6-m\libg_s.a(lib_a-strlen.o)
 .debug_frame   0x00001544       0x20 c:/program files (x86)/gnu tools arm embedded/q2/bin/../lib/gcc/arm-none-eabi/4.8.4/../../../../arm-none-eabi/lib/armv6-m\libg_s.a(lib_a-nano-msizer.o)

.debug_str      0x00000000    0x463eb
 *(.debug_str)
 .debug_str     0x00000000    0x3f221 src\lcd_stm32f0.o
                              0x3f391 (size before relaxing)
 .debug_str     0x0003f221     0x2fab src\main.o
                              0x42362 (size before relaxing)
 .debug_str     0x000421cc       0xc1 system\src\cmsis\system_stm32f0xx.o
                              0x3f0b5 (size before relaxing)
 .debug_str     0x0004228d       0x9c system\src\cmsis\vectors_stm32f0xx.o
                               0x2e7d (size before relaxing)
 .debug_str     0x00042329       0x78 system\src\cortexm\_initialize_hardware.o
                              0x3f007 (size before relaxing)
 .debug_str     0x000423a1     0x1d90 system\src\cortexm\exception_handlers.o
                              0x428a2 (size before relaxing)
 .debug_str     0x00044131      0x11b system\src\newlib\_exit.o
                               0x4dce (size before relaxing)
 .debug_str     0x0004424c      0x4de system\src\newlib\_sbrk.o
                               0x4384 (size before relaxing)
 .debug_str     0x0004472a      0x229 system\src\newlib\_startup.o
                               0x3f5a (size before relaxing)
 .debug_str     0x00044953      0xc3a system\src\newlib\_syscalls.o
                               0x5000 (size before relaxing)
 .debug_str     0x0004558d       0xea system\src\newlib\assert.o
                               0x58da (size before relaxing)
 .debug_str     0x00045677      0x15c system\src\stm32f0-stdperiph\stm32f0xx_gpio.o
                              0x3f2ea (size before relaxing)
 .debug_str     0x000457d3      0x4d7 system\src\stm32f0-stdperiph\stm32f0xx_rcc.o
                              0x3f670 (size before relaxing)
 .debug_str     0x00045caa      0x741 system\src\stm32f0-stdperiph\stm32f0xx_usart.o
                              0x3f918 (size before relaxing)

.debug_loc      0x00000000     0x2aaf
 *(.debug_loc)
 .debug_loc     0x00000000       0xc3 src\lcd_stm32f0.o
 .debug_loc     0x000000c3       0xe2 system\src\cmsis\system_stm32f0xx.o
 .debug_loc     0x000001a5       0x70 system\src\newlib\_sbrk.o
 .debug_loc     0x00000215      0x265 system\src\newlib\_startup.o
 .debug_loc     0x0000047a       0x63 system\src\newlib\_syscalls.o
 .debug_loc     0x000004dd       0xc6 system\src\newlib\assert.o
 .debug_loc     0x000005a3      0x51a system\src\stm32f0-stdperiph\stm32f0xx_gpio.o
 .debug_loc     0x00000abd      0xc33 system\src\stm32f0-stdperiph\stm32f0xx_rcc.o
 .debug_loc     0x000016f0     0x13bf system\src\stm32f0-stdperiph\stm32f0xx_usart.o

.debug_macinfo
 *(.debug_macinfo)

.debug_weaknames
 *(.debug_weaknames)

.debug_funcnames
 *(.debug_funcnames)

.debug_typenames
 *(.debug_typenames)

.debug_varnames
 *(.debug_varnames)
OUTPUT(USBUSART.elf elf32-littlearm)

.debug_ranges   0x00000000      0x4d8
 .debug_ranges  0x00000000       0x38 src\lcd_stm32f0.o
 .debug_ranges  0x00000038       0x20 src\main.o
 .debug_ranges  0x00000058       0x20 system\src\cmsis\system_stm32f0xx.o
 .debug_ranges  0x00000078       0x10 system\src\cmsis\vectors_stm32f0xx.o
 .debug_ranges  0x00000088       0x18 system\src\cortexm\_initialize_hardware.o
 .debug_ranges  0x000000a0       0x40 system\src\cortexm\exception_handlers.o
 .debug_ranges  0x000000e0       0x18 system\src\newlib\_exit.o
 .debug_ranges  0x000000f8       0x10 system\src\newlib\_sbrk.o
 .debug_ranges  0x00000108       0x48 system\src\newlib\_startup.o
 .debug_ranges  0x00000150       0x20 system\src\newlib\_syscalls.o
 .debug_ranges  0x00000170       0x18 system\src\newlib\assert.o
 .debug_ranges  0x00000188       0x70 system\src\stm32f0-stdperiph\stm32f0xx_gpio.o
 .debug_ranges  0x000001f8      0x150 system\src\stm32f0-stdperiph\stm32f0xx_rcc.o
 .debug_ranges  0x00000348      0x190 system\src\stm32f0-stdperiph\stm32f0xx_usart.o

.debug_macro    0x00000000     0xccc8
 .debug_macro   0x00000000      0x16a src\lcd_stm32f0.o
 .debug_macro   0x0000016a       0x7a src\lcd_stm32f0.o
 .debug_macro   0x000001e4      0x34e src\lcd_stm32f0.o
 .debug_macro   0x00000532       0x35 src\lcd_stm32f0.o
 .debug_macro   0x00000567       0x26 src\lcd_stm32f0.o
 .debug_macro   0x0000058d      0x30d src\lcd_stm32f0.o
 .debug_macro   0x0000089a     0x5b9e src\lcd_stm32f0.o
 .debug_macro   0x00006438      0x2ec src\lcd_stm32f0.o
 .debug_macro   0x00006724      0x3cf src\lcd_stm32f0.o
 .debug_macro   0x00006af3      0x191 src\lcd_stm32f0.o
 .debug_macro   0x00006c84       0x46 src\lcd_stm32f0.o
 .debug_macro   0x00006cca       0xd9 src\lcd_stm32f0.o
 .debug_macro   0x00006da3       0xef src\lcd_stm32f0.o
 .debug_macro   0x00006e92      0x184 src\lcd_stm32f0.o
 .debug_macro   0x00007016       0x7c src\lcd_stm32f0.o
 .debug_macro   0x00007092      0x295 src\lcd_stm32f0.o
 .debug_macro   0x00007327       0xd7 src\lcd_stm32f0.o
 .debug_macro   0x000073fe      0x23d src\lcd_stm32f0.o
 .debug_macro   0x0000763b      0x185 src\lcd_stm32f0.o
 .debug_macro   0x000077c0      0x184 src\lcd_stm32f0.o
 .debug_macro   0x00007944      0x2a0 src\lcd_stm32f0.o
 .debug_macro   0x00007be4       0x70 src\lcd_stm32f0.o
 .debug_macro   0x00007c54       0xdf src\lcd_stm32f0.o
 .debug_macro   0x00007d33      0x4e3 src\lcd_stm32f0.o
 .debug_macro   0x00008216      0x4c5 src\lcd_stm32f0.o
 .debug_macro   0x000086db      0x397 src\lcd_stm32f0.o
 .debug_macro   0x00008a72      0x750 src\lcd_stm32f0.o
 .debug_macro   0x000091c2      0x353 src\lcd_stm32f0.o
 .debug_macro   0x00009515       0x34 src\lcd_stm32f0.o
 .debug_macro   0x00009549       0x3a src\lcd_stm32f0.o
 .debug_macro   0x00009583       0x82 src\lcd_stm32f0.o
 .debug_macro   0x00009605      0x257 src\main.o
 .debug_macro   0x0000985c       0x58 src\main.o
 .debug_macro   0x000098b4       0x16 src\main.o
 .debug_macro   0x000098ca       0x35 src\main.o
 .debug_macro   0x000098ff       0xa3 src\main.o
 .debug_macro   0x000099a2       0x16 src\main.o
 .debug_macro   0x000099b8       0x97 src\main.o
 .debug_macro   0x00009a4f       0x10 src\main.o
 .debug_macro   0x00009a5f       0xf6 src\main.o
 .debug_macro   0x00009b55       0x4a src\main.o
 .debug_macro   0x00009b9f       0x52 src\main.o
 .debug_macro   0x00009bf1       0x16 src\main.o
 .debug_macro   0x00009c07       0x43 src\main.o
 .debug_macro   0x00009c4a      0x180 src\main.o
 .debug_macro   0x00009dca       0x10 src\main.o
 .debug_macro   0x00009dda       0x22 src\main.o
 .debug_macro   0x00009dfc       0xbd src\main.o
 .debug_macro   0x00009eb9       0x16 src\main.o
 .debug_macro   0x00009ecf      0x16c src\main.o
 .debug_macro   0x0000a03b      0x1e1 src\main.o
 .debug_macro   0x0000a21c      0x15b system\src\cmsis\system_stm32f0xx.o
 .debug_macro   0x0000a377       0x34 system\src\cmsis\vectors_stm32f0xx.o
 .debug_macro   0x0000a3ab      0x165 system\src\cortexm\_initialize_hardware.o
 .debug_macro   0x0000a510      0x28a system\src\cortexm\exception_handlers.o
 .debug_macro   0x0000a79a       0x3b system\src\cortexm\exception_handlers.o
 .debug_macro   0x0000a7d5       0x22 system\src\cortexm\exception_handlers.o
 .debug_macro   0x0000a7f7       0x19 system\src\cortexm\exception_handlers.o
 .debug_macro   0x0000a810      0x16d system\src\cortexm\exception_handlers.o
 .debug_macro   0x0000a97d       0x10 system\src\cortexm\exception_handlers.o
 .debug_macro   0x0000a98d       0x35 system\src\cortexm\exception_handlers.o
 .debug_macro   0x0000a9c2      0x48e system\src\cortexm\exception_handlers.o
 .debug_macro   0x0000ae50      0x283 system\src\cortexm\exception_handlers.o
 .debug_macro   0x0000b0d3       0x10 system\src\cortexm\exception_handlers.o
 .debug_macro   0x0000b0e3       0x1f system\src\cortexm\exception_handlers.o
 .debug_macro   0x0000b102      0x11b system\src\newlib\_exit.o
 .debug_macro   0x0000b21d      0x10e system\src\newlib\_exit.o
 .debug_macro   0x0000b32b       0x86 system\src\newlib\_exit.o
 .debug_macro   0x0000b3b1       0xd1 system\src\newlib\_sbrk.o
 .debug_macro   0x0000b482       0x10 system\src\newlib\_sbrk.o
 .debug_macro   0x0000b492      0x23b system\src\newlib\_sbrk.o
 .debug_macro   0x0000b6cd       0xdb system\src\newlib\_startup.o
 .debug_macro   0x0000b7a8      0x169 system\src\newlib\_syscalls.o
 .debug_macro   0x0000b911       0x1c system\src\newlib\_syscalls.o
 .debug_macro   0x0000b92d       0x10 system\src\newlib\_syscalls.o
 .debug_macro   0x0000b93d       0x10 system\src\newlib\_syscalls.o
 .debug_macro   0x0000b94d       0x10 system\src\newlib\_syscalls.o
 .debug_macro   0x0000b95d       0x35 system\src\newlib\_syscalls.o
 .debug_macro   0x0000b992      0x120 system\src\newlib\_syscalls.o
 .debug_macro   0x0000bab2       0x22 system\src\newlib\_syscalls.o
 .debug_macro   0x0000bad4       0x2b system\src\newlib\_syscalls.o
 .debug_macro   0x0000baff      0x118 system\src\newlib\_syscalls.o
 .debug_macro   0x0000bc17      0x13a system\src\newlib\_syscalls.o
 .debug_macro   0x0000bd51       0x16 system\src\newlib\_syscalls.o
 .debug_macro   0x0000bd67      0x137 system\src\newlib\assert.o
 .debug_macro   0x0000be9e       0x1c system\src\newlib\assert.o
 .debug_macro   0x0000beba      0x165 system\src\stm32f0-stdperiph\stm32f0xx_gpio.o
 .debug_macro   0x0000c01f      0x17f system\src\stm32f0-stdperiph\stm32f0xx_gpio.o
 .debug_macro   0x0000c19e      0x183 system\src\stm32f0-stdperiph\stm32f0xx_rcc.o
 .debug_macro   0x0000c321      0x4dd system\src\stm32f0-stdperiph\stm32f0xx_rcc.o
 .debug_macro   0x0000c7fe      0x17d system\src\stm32f0-stdperiph\stm32f0xx_usart.o
 .debug_macro   0x0000c97b      0x34d system\src\stm32f0-stdperiph\stm32f0xx_usart.o
